{
  "exclude": {
    "files": "^.secrets.baseline$",
    "lines": null
  },
  "generated_at": "2024-12-18T05:28:51Z",
  "plugins_used": [
    {
      "name": "AWSKeyDetector"
    },
    {
      "name": "ArtifactoryDetector"
    },
    {
      "name": "AzureStorageKeyDetector"
    },
    {
      "base64_limit": 4.5,
      "name": "Base64HighEntropyString"
    },
    {
      "name": "BasicAuthDetector"
    },
    {
      "name": "BoxDetector"
    },
    {
      "name": "CloudantDetector"
    },
    {
      "ghe_instance": "github.ibm.com",
      "name": "GheDetector"
    },
    {
      "name": "GitHubTokenDetector"
    },
    {
      "hex_limit": 3,
      "name": "HexHighEntropyString"
    },
    {
      "name": "IbmCloudIamDetector"
    },
    {
      "name": "IbmCosHmacDetector"
    },
    {
      "name": "JwtTokenDetector"
    },
    {
      "keyword_exclude": null,
      "name": "KeywordDetector"
    },
    {
      "name": "MailchimpDetector"
    },
    {
      "name": "NpmDetector"
    },
    {
      "name": "PrivateKeyDetector"
    },
    {
      "name": "SlackDetector"
    },
    {
      "name": "SoftlayerDetector"
    },
    {
      "name": "SquareOAuthDetector"
    },
    {
      "name": "StripeDetector"
    },
    {
      "name": "TwilioKeyDetector"
    }
  ],
  "results": {
    "ACA/configuration-ha/DB2/sp-version.json": [
      {
        "hashed_secret": "a7d13945fb8418030cf795858fdb6d16945bda4c",
        "is_secret": false,
        "is_verified": false,
        "line_number": 4,
        "type": "Hex High Entropy String",
        "verified_result": null
      }
    ],
    "ACA/configuration-ha/PG/ScriptFunctions.sh": [
      {
        "hashed_secret": "2ace62c1befa19e3ea37dd52be9f6d508c5163e6",
        "is_secret": false,
        "is_verified": false,
        "line_number": 133,
        "type": "Secret Keyword",
        "verified_result": null
      }
    ],
    "ACA/configuration-ha/PG/sp-version.json": [
      {
        "hashed_secret": "a7d13945fb8418030cf795858fdb6d16945bda4c",
        "is_secret": false,
        "is_verified": false,
        "line_number": 4,
        "type": "Hex High Entropy String",
        "verified_result": null
      }
    ],
    "FNCM/configuration/ContentGraphQL/configDropins/overrides/crs-ssl.xml": [
      {
        "hashed_secret": "2b503ea542414e8cfb3395e0e142291b782f8e79",
        "is_secret": false,
        "is_verified": false,
        "line_number": 4,
        "type": "Secret Keyword",
        "verified_result": null
      }
    ],
    "FNCM/configuration/extShare/configDropins/overrides/oidc.xml": [
      {
        "hashed_secret": "2725d373c8751c3647bd53748e5f1d74cad70992",
        "is_secret": false,
        "is_verified": false,
        "line_number": 7,
        "type": "Secret Keyword",
        "verified_result": null
      }
    ],
    "FNCM/configuration/fncm_ban_sample_cr.yaml": [
      {
        "hashed_secret": "68e32ba1dfe9e649516914c300e9df6cae417273",
        "is_secret": false,
        "is_verified": false,
        "line_number": 29,
        "type": "Secret Keyword",
        "verified_result": null
      },
      {
        "hashed_secret": "b2cc0b3d61540278e86684fca0e6feefc6e8f785",
        "is_secret": false,
        "is_verified": false,
        "line_number": 63,
        "type": "Secret Keyword",
        "verified_result": null
      }
    ],
    "FusionRecipes/scripts/update_labels.sh": [
      {
        "hashed_secret": "299b0b93b790192224358785b6ebead96734510f",
        "is_secret": false,
        "is_verified": false,
        "line_number": 5,
        "type": "Secret Keyword",
        "verified_result": null
      },
      {
        "hashed_secret": "ded6f7269cfffc2d050f884629390e211b459c30",
        "is_secret": false,
        "is_verified": false,
        "line_number": 6,
        "type": "Secret Keyword",
        "verified_result": null
      },
      {
        "hashed_secret": "0583aa5efbbd115e87dfe10a748cbb627d948d13",
        "is_secret": false,
        "is_verified": false,
        "line_number": 7,
        "type": "Secret Keyword",
        "verified_result": null
      }
    ],
    "FusionRecipes/yamls/zen/zen5-br-scripts-cm.yaml": [
      {
        "hashed_secret": "8fc970e80bc248848ca3b9603f73eeb1fdfa4d58",
        "is_secret": false,
        "is_verified": false,
        "line_number": 389,
        "type": "Secret Keyword",
        "verified_result": null
      }
    ],
    "ODM/configuration/custom-external-database/sample-datasource-dc-oracle.xml": [
      {
        "hashed_secret": "431364b6450fc47ccdbf6a2205dfdb1baeb79412",
        "is_secret": false,
        "is_verified": false,
        "line_number": 22,
        "type": "Secret Keyword",
        "verified_result": null
      }
    ],
    "ODM/configuration/custom-external-database/sample-datasource-ds-oracle.xml": [
      {
        "hashed_secret": "431364b6450fc47ccdbf6a2205dfdb1baeb79412",
        "is_secret": false,
        "is_verified": false,
        "line_number": 16,
        "type": "Secret Keyword",
        "verified_result": null
      }
    ],
    "ODM/configuration/security/sample-webSecurity-LDAP.xml": [
      {
        "hashed_secret": "fd1daf2e350a06b865f4a1e17bb39183b806c1e9",
        "is_secret": false,
        "is_verified": false,
        "line_number": 11,
        "type": "Secret Keyword",
        "verified_result": null
      },
      {
        "hashed_secret": "18ec03df941946f5a01e2be99218c64f1b1debb7",
        "is_secret": false,
        "is_verified": false,
        "line_number": 14,
        "type": "Secret Keyword",
        "verified_result": null
      },
      {
        "hashed_secret": "9791d7802c64c15fe962d9c178eb5caabc89eb1e",
        "is_secret": false,
        "is_verified": false,
        "line_number": 15,
        "type": "Secret Keyword",
        "verified_result": null
      },
      {
        "hashed_secret": "59c41b55cd0186e10b7e9bfb92d127f827d20d37",
        "is_secret": false,
        "is_verified": false,
        "line_number": 16,
        "type": "Secret Keyword",
        "verified_result": null
      },
      {
        "hashed_secret": "d033e22ae348aeb5660fc2140aec35850c4da997",
        "is_secret": false,
        "is_verified": false,
        "line_number": 42,
        "type": "Secret Keyword",
        "verified_result": null
      }
    ],
    "ODM/configuration/security/sample-webSecurity-basic-registry.xml": [
      {
        "hashed_secret": "fd1daf2e350a06b865f4a1e17bb39183b806c1e9",
        "is_secret": false,
        "is_verified": false,
        "line_number": 10,
        "type": "Secret Keyword",
        "verified_result": null
      },
      {
        "hashed_secret": "0d3d25e1395decbedc2859b4b6c2154b31716231",
        "is_secret": false,
        "is_verified": false,
        "line_number": 13,
        "type": "Secret Keyword",
        "verified_result": null
      },
      {
        "hashed_secret": "4094654271559d0f7d2835e19fd736c3cbb41d5c",
        "is_secret": false,
        "is_verified": false,
        "line_number": 14,
        "type": "Secret Keyword",
        "verified_result": null
      },
      {
        "hashed_secret": "8327e8beebe58091e4768bb82ccdfe7b49d67b7e",
        "is_secret": false,
        "is_verified": false,
        "line_number": 15,
        "type": "Secret Keyword",
        "verified_result": null
      },
      {
        "hashed_secret": "eded784d96b51374b3eeb9f027c700be9b4b4f6f",
        "is_secret": false,
        "is_verified": false,
        "line_number": 16,
        "type": "Secret Keyword",
        "verified_result": null
      },
      {
        "hashed_secret": "56917b8427a2ef359de2b9659bba448eecf3a5f0",
        "is_secret": false,
        "is_verified": false,
        "line_number": 19,
        "type": "Secret Keyword",
        "verified_result": null
      },
      {
        "hashed_secret": "18ec03df941946f5a01e2be99218c64f1b1debb7",
        "is_secret": false,
        "is_verified": false,
        "line_number": 20,
        "type": "Secret Keyword",
        "verified_result": null
      },
      {
        "hashed_secret": "9791d7802c64c15fe962d9c178eb5caabc89eb1e",
        "is_secret": false,
        "is_verified": false,
        "line_number": 21,
        "type": "Secret Keyword",
        "verified_result": null
      },
      {
        "hashed_secret": "59c41b55cd0186e10b7e9bfb92d127f827d20d37",
        "is_secret": false,
        "is_verified": false,
        "line_number": 22,
        "type": "Secret Keyword",
        "verified_result": null
      }
    ],
    "ODM/configuration/security/sample-webSecurity-role-extension.xml": [
      {
        "hashed_secret": "fd1daf2e350a06b865f4a1e17bb39183b806c1e9",
        "is_secret": false,
        "is_verified": false,
        "line_number": 6,
        "type": "Secret Keyword",
        "verified_result": null
      },
      {
        "hashed_secret": "0d3d25e1395decbedc2859b4b6c2154b31716231",
        "is_secret": false,
        "is_verified": false,
        "line_number": 8,
        "type": "Secret Keyword",
        "verified_result": null
      },
      {
        "hashed_secret": "4094654271559d0f7d2835e19fd736c3cbb41d5c",
        "is_secret": false,
        "is_verified": false,
        "line_number": 9,
        "type": "Secret Keyword",
        "verified_result": null
      },
      {
        "hashed_secret": "8327e8beebe58091e4768bb82ccdfe7b49d67b7e",
        "is_secret": false,
        "is_verified": false,
        "line_number": 10,
        "type": "Secret Keyword",
        "verified_result": null
      },
      {
        "hashed_secret": "eded784d96b51374b3eeb9f027c700be9b4b4f6f",
        "is_secret": false,
        "is_verified": false,
        "line_number": 11,
        "type": "Secret Keyword",
        "verified_result": null
      },
      {
        "hashed_secret": "56917b8427a2ef359de2b9659bba448eecf3a5f0",
        "is_secret": false,
        "is_verified": false,
        "line_number": 13,
        "type": "Secret Keyword",
        "verified_result": null
      },
      {
        "hashed_secret": "18ec03df941946f5a01e2be99218c64f1b1debb7",
        "is_secret": false,
        "is_verified": false,
        "line_number": 14,
        "type": "Secret Keyword",
        "verified_result": null
      },
      {
        "hashed_secret": "9791d7802c64c15fe962d9c178eb5caabc89eb1e",
        "is_secret": false,
        "is_verified": false,
        "line_number": 15,
        "type": "Secret Keyword",
        "verified_result": null
      },
      {
        "hashed_secret": "59c41b55cd0186e10b7e9bfb92d127f827d20d37",
        "is_secret": false,
        "is_verified": false,
        "line_number": 16,
        "type": "Secret Keyword",
        "verified_result": null
      }
    ],
    "ODM/configuration/template-insight-demo-plugin.properties": [
      {
        "hashed_secret": "14b4de5b879f1d8279081694a178c86c90d2f659",
        "is_secret": false,
        "is_verified": false,
        "line_number": 5,
        "type": "Secret Keyword",
        "verified_result": null
      },
      {
        "hashed_secret": "916ade4bbed3920f98e7bea2c356506ef83bfe31",
        "is_secret": false,
        "is_verified": false,
        "line_number": 7,
        "type": "Secret Keyword",
        "verified_result": null
      }
    ],
    "ODM/configuration/template-plugin-configuration.properties": [
      {
        "hashed_secret": "89a519cc7786f3290ad671412d92f325f9ef2a57",
        "is_secret": false,
        "is_verified": false,
        "line_number": 23,
        "type": "Secret Keyword",
        "verified_result": null
      },
      {
        "hashed_secret": "f26ea3d559c7626fb07d034f6b33af9fb366e8a4",
        "is_secret": false,
        "is_verified": false,
        "line_number": 27,
        "type": "Secret Keyword",
        "verified_result": null
      }
    ],
    "descriptors/operator.yaml": [
      {
        "hashed_secret": "4b3f365633b7d43430e8747f171fef9b90652312",
        "is_secret": false,
        "is_verified": false,
        "line_number": 46,
        "type": "Hex High Entropy String",
        "verified_result": null
      }
    ],
    "descriptors/patterns/ibm_cp4a_cr_production_FC_application.yaml": [
      {
        "hashed_secret": "d9e9019d9eb455a3d72a3bc252c26927bb148a10",
        "is_secret": false,
        "is_verified": false,
        "line_number": 625,
        "type": "Secret Keyword",
        "verified_result": null
      }
    ],
    "descriptors/patterns/ibm_cp4a_cr_production_FC_content.yaml": [
      {
        "hashed_secret": "68e32ba1dfe9e649516914c300e9df6cae417273",
        "is_secret": false,
        "is_verified": false,
        "line_number": 61,
        "type": "Secret Keyword",
        "verified_result": null
      },
      {
        "hashed_secret": "b2cc0b3d61540278e86684fca0e6feefc6e8f785",
        "is_secret": false,
        "is_verified": false,
        "line_number": 508,
        "type": "Secret Keyword",
        "verified_result": null
      },
      {
        "hashed_secret": "d9e9019d9eb455a3d72a3bc252c26927bb148a10",
        "is_secret": false,
        "is_verified": false,
        "line_number": 731,
        "type": "Secret Keyword",
        "verified_result": null
      }
    ],
    "descriptors/patterns/ibm_cp4a_cr_production_FC_decisions.yaml": [
      {
        "hashed_secret": "cee3d4f779070b81c89ccb7f61dd94c3c1beecca",
        "is_secret": false,
        "is_verified": false,
        "line_number": 188,
        "type": "Secret Keyword",
        "verified_result": null
      }
    ],
    "descriptors/patterns/ibm_cp4a_cr_production_FC_document_processing.yaml": [
      {
        "hashed_secret": "68e32ba1dfe9e649516914c300e9df6cae417273",
        "is_secret": false,
        "is_verified": false,
        "line_number": 57,
        "type": "Secret Keyword",
        "verified_result": null
      },
      {
        "hashed_secret": "3f397195af2f5fa6f4d721860ef893a5b2943153",
        "is_secret": false,
        "is_verified": false,
        "line_number": 175,
        "type": "Secret Keyword",
        "verified_result": null
      },
      {
        "hashed_secret": "b2cc0b3d61540278e86684fca0e6feefc6e8f785",
        "is_secret": false,
        "is_verified": false,
        "line_number": 518,
        "type": "Secret Keyword",
        "verified_result": null
      },
      {
        "hashed_secret": "d9e9019d9eb455a3d72a3bc252c26927bb148a10",
        "is_secret": false,
        "is_verified": false,
        "line_number": 742,
        "type": "Secret Keyword",
        "verified_result": null
      },
      {
        "hashed_secret": "a3fc82c61492a1b8d9fa09e8e23fd7f54f1c0cc7",
        "is_secret": false,
        "is_verified": false,
        "line_number": 2596,
        "type": "Secret Keyword",
        "verified_result": null
      },
      {
        "hashed_secret": "069ee41a581b2d55f12b087456a0aeb4b22311f5",
        "is_secret": false,
        "is_verified": false,
        "line_number": 2597,
        "type": "Secret Keyword",
        "verified_result": null
      }
    ],
    "descriptors/patterns/ibm_cp4a_cr_production_FC_foundation.yaml": [
      {
        "hashed_secret": "68e32ba1dfe9e649516914c300e9df6cae417273",
        "is_secret": false,
        "is_verified": false,
        "line_number": 95,
        "type": "Secret Keyword",
        "verified_result": null
      },
      {
        "hashed_secret": "3f397195af2f5fa6f4d721860ef893a5b2943153",
        "is_secret": false,
        "is_verified": false,
        "line_number": 174,
        "type": "Secret Keyword",
        "verified_result": null
      },
      {
        "hashed_secret": "b2cc0b3d61540278e86684fca0e6feefc6e8f785",
        "is_secret": false,
        "is_verified": false,
        "line_number": 236,
        "type": "Secret Keyword",
        "verified_result": null
      },
      {
        "hashed_secret": "d9e9019d9eb455a3d72a3bc252c26927bb148a10",
        "is_secret": false,
        "is_verified": false,
        "line_number": 1974,
        "type": "Secret Keyword",
        "verified_result": null
      }
    ],
    "descriptors/patterns/ibm_cp4a_cr_production_FC_process_federation_server.yaml": [
      {
        "hashed_secret": "3f397195af2f5fa6f4d721860ef893a5b2943153",
        "is_secret": false,
        "is_verified": false,
        "line_number": 99,
        "type": "Secret Keyword",
        "verified_result": null
      },
      {
        "hashed_secret": "c1ca92476aa25323250fd692d3a6631542bcf18e",
        "is_secret": false,
        "is_verified": false,
        "line_number": 253,
        "type": "Secret Keyword",
        "verified_result": null
      }
    ],
    "descriptors/patterns/ibm_cp4a_cr_production_FC_workflow-standalone.yaml": [
      {
        "hashed_secret": "68e32ba1dfe9e649516914c300e9df6cae417273",
        "is_secret": false,
        "is_verified": false,
        "line_number": 101,
        "type": "Secret Keyword",
        "verified_result": null
      },
      {
        "hashed_secret": "3f397195af2f5fa6f4d721860ef893a5b2943153",
        "is_secret": false,
        "is_verified": false,
        "line_number": 179,
        "type": "Secret Keyword",
        "verified_result": null
      },
      {
        "hashed_secret": "16e27402a1f9be7ea0a67898b3edf99757fb4568",
        "is_secret": false,
        "is_verified": false,
        "line_number": 216,
        "type": "Secret Keyword",
        "verified_result": null
      },
      {
        "hashed_secret": "b2cc0b3d61540278e86684fca0e6feefc6e8f785",
        "is_secret": false,
        "is_verified": false,
        "line_number": 238,
        "type": "Secret Keyword",
        "verified_result": null
      },
      {
        "hashed_secret": "d9e9019d9eb455a3d72a3bc252c26927bb148a10",
        "is_secret": false,
        "is_verified": false,
        "line_number": 667,
        "type": "Secret Keyword",
        "verified_result": null
      },
      {
        "hashed_secret": "d7f694e3e796baeb2f120e28d961e8b6e98ed1bb",
        "is_secret": false,
        "is_verified": false,
        "line_number": 1164,
        "type": "Secret Keyword",
        "verified_result": null
      },
      {
        "hashed_secret": "07d27a8b4dd120caef6f1879b3edba4fc0617de2",
        "is_secret": false,
        "is_verified": false,
        "line_number": 1209,
        "type": "Secret Keyword",
        "verified_result": null
      },
      {
        "hashed_secret": "2c844b386d77c28f0814c38cb00283929eafb73e",
        "is_secret": false,
        "is_verified": false,
        "line_number": 1256,
        "type": "Secret Keyword",
        "verified_result": null
      },
      {
        "hashed_secret": "3559d7accf00360971961ca18989adc0614089c0",
        "is_secret": false,
        "is_verified": false,
        "line_number": 1756,
        "type": "Secret Keyword",
        "verified_result": null
      }
    ],
    "descriptors/patterns/ibm_cp4a_cr_production_FC_workflow-workstreams.yaml": [
      {
        "hashed_secret": "68e32ba1dfe9e649516914c300e9df6cae417273",
        "is_secret": false,
        "is_verified": false,
        "line_number": 101,
        "type": "Secret Keyword",
        "verified_result": null
      },
      {
        "hashed_secret": "3f397195af2f5fa6f4d721860ef893a5b2943153",
        "is_secret": false,
        "is_verified": false,
        "line_number": 178,
        "type": "Secret Keyword",
        "verified_result": null
      },
      {
        "hashed_secret": "b2cc0b3d61540278e86684fca0e6feefc6e8f785",
        "is_secret": false,
        "is_verified": false,
        "line_number": 249,
        "type": "Secret Keyword",
        "verified_result": null
      },
      {
        "hashed_secret": "d9e9019d9eb455a3d72a3bc252c26927bb148a10",
        "is_secret": false,
        "is_verified": false,
        "line_number": 718,
        "type": "Secret Keyword",
        "verified_result": null
      },
      {
        "hashed_secret": "d7f694e3e796baeb2f120e28d961e8b6e98ed1bb",
        "is_secret": false,
        "is_verified": false,
        "line_number": 856,
        "type": "Secret Keyword",
        "verified_result": null
      },
      {
        "hashed_secret": "07d27a8b4dd120caef6f1879b3edba4fc0617de2",
        "is_secret": false,
        "is_verified": false,
        "line_number": 902,
        "type": "Secret Keyword",
        "verified_result": null
      },
      {
        "hashed_secret": "2c844b386d77c28f0814c38cb00283929eafb73e",
        "is_secret": false,
        "is_verified": false,
        "line_number": 949,
        "type": "Secret Keyword",
        "verified_result": null
      }
    ],
    "descriptors/patterns/ibm_cp4a_cr_production_FC_workflow.yaml": [
      {
        "hashed_secret": "68e32ba1dfe9e649516914c300e9df6cae417273",
        "is_secret": false,
        "is_verified": false,
        "line_number": 101,
        "type": "Secret Keyword",
        "verified_result": null
      },
      {
        "hashed_secret": "3f397195af2f5fa6f4d721860ef893a5b2943153",
        "is_secret": false,
        "is_verified": false,
        "line_number": 178,
        "type": "Secret Keyword",
        "verified_result": null
      },
      {
        "hashed_secret": "b2cc0b3d61540278e86684fca0e6feefc6e8f785",
        "is_secret": false,
        "is_verified": false,
        "line_number": 249,
        "type": "Secret Keyword",
        "verified_result": null
      },
      {
        "hashed_secret": "d9e9019d9eb455a3d72a3bc252c26927bb148a10",
        "is_secret": false,
        "is_verified": false,
        "line_number": 721,
        "type": "Secret Keyword",
        "verified_result": null
      },
      {
        "hashed_secret": "d7f694e3e796baeb2f120e28d961e8b6e98ed1bb",
        "is_secret": false,
        "is_verified": false,
        "line_number": 860,
        "type": "Secret Keyword",
        "verified_result": null
      },
      {
        "hashed_secret": "07d27a8b4dd120caef6f1879b3edba4fc0617de2",
        "is_secret": false,
        "is_verified": false,
        "line_number": 907,
        "type": "Secret Keyword",
        "verified_result": null
      },
      {
        "hashed_secret": "2c844b386d77c28f0814c38cb00283929eafb73e",
        "is_secret": false,
        "is_verified": false,
        "line_number": 954,
        "type": "Secret Keyword",
        "verified_result": null
      }
    ],
    "descriptors/patterns/ibm_cp4a_cr_production_FC_workflow_authoring.yaml": [
      {
        "hashed_secret": "68e32ba1dfe9e649516914c300e9df6cae417273",
        "is_secret": false,
        "is_verified": false,
        "line_number": 107,
        "type": "Secret Keyword",
        "verified_result": null
      },
      {
        "hashed_secret": "3f397195af2f5fa6f4d721860ef893a5b2943153",
        "is_secret": false,
        "is_verified": false,
        "line_number": 185,
        "type": "Secret Keyword",
        "verified_result": null
      },
      {
        "hashed_secret": "b2cc0b3d61540278e86684fca0e6feefc6e8f785",
        "is_secret": false,
        "is_verified": false,
        "line_number": 256,
        "type": "Secret Keyword",
        "verified_result": null
      },
      {
        "hashed_secret": "d9e9019d9eb455a3d72a3bc252c26927bb148a10",
        "is_secret": false,
        "is_verified": false,
        "line_number": 735,
        "type": "Secret Keyword",
        "verified_result": null
      }
    ],
    "descriptors/patterns/ibm_cp4a_cr_production_FC_workflow_process_service_authoring.yaml": [
      {
        "hashed_secret": "68e32ba1dfe9e649516914c300e9df6cae417273",
        "is_secret": false,
        "is_verified": false,
        "line_number": 105,
        "type": "Secret Keyword",
        "verified_result": null
      },
      {
        "hashed_secret": "3f397195af2f5fa6f4d721860ef893a5b2943153",
        "is_secret": false,
        "is_verified": false,
        "line_number": 181,
        "type": "Secret Keyword",
        "verified_result": null
      },
      {
        "hashed_secret": "b2cc0b3d61540278e86684fca0e6feefc6e8f785",
        "is_secret": false,
        "is_verified": false,
        "line_number": 243,
        "type": "Secret Keyword",
        "verified_result": null
      },
      {
        "hashed_secret": "d9e9019d9eb455a3d72a3bc252c26927bb148a10",
        "is_secret": false,
        "is_verified": false,
        "line_number": 615,
        "type": "Secret Keyword",
        "verified_result": null
      }
    ],
    "descriptors/patterns/ibm_cp4a_cr_production_FC_workstreams.yaml": [
      {
        "hashed_secret": "68e32ba1dfe9e649516914c300e9df6cae417273",
        "is_secret": false,
        "is_verified": false,
        "line_number": 96,
        "type": "Secret Keyword",
        "verified_result": null
      },
      {
        "hashed_secret": "3f397195af2f5fa6f4d721860ef893a5b2943153",
        "is_secret": false,
        "is_verified": false,
        "line_number": 172,
        "type": "Secret Keyword",
        "verified_result": null
      },
      {
        "hashed_secret": "b2cc0b3d61540278e86684fca0e6feefc6e8f785",
        "is_secret": false,
        "is_verified": false,
        "line_number": 244,
        "type": "Secret Keyword",
        "verified_result": null
      },
      {
        "hashed_secret": "d9e9019d9eb455a3d72a3bc252c26927bb148a10",
        "is_secret": false,
        "is_verified": false,
        "line_number": 541,
        "type": "Secret Keyword",
        "verified_result": null
      },
      {
        "hashed_secret": "d7f694e3e796baeb2f120e28d961e8b6e98ed1bb",
        "is_secret": false,
        "is_verified": false,
        "line_number": 680,
        "type": "Secret Keyword",
        "verified_result": null
      },
      {
        "hashed_secret": "07d27a8b4dd120caef6f1879b3edba4fc0617de2",
        "is_secret": false,
        "is_verified": false,
        "line_number": 726,
        "type": "Secret Keyword",
        "verified_result": null
      }
    ],
    "descriptors/patterns/ibm_cp4a_cr_production_application.yaml": [
      {
        "hashed_secret": "d9e9019d9eb455a3d72a3bc252c26927bb148a10",
        "is_secret": false,
        "is_verified": false,
        "line_number": 160,
        "type": "Secret Keyword",
        "verified_result": null
      }
    ],
    "descriptors/patterns/ibm_cp4a_cr_production_content.yaml": [
      {
        "hashed_secret": "68e32ba1dfe9e649516914c300e9df6cae417273",
        "is_secret": false,
        "is_verified": false,
        "line_number": 46,
        "type": "Secret Keyword",
        "verified_result": null
      },
      {
        "hashed_secret": "b2cc0b3d61540278e86684fca0e6feefc6e8f785",
        "is_secret": false,
        "is_verified": false,
        "line_number": 239,
        "type": "Secret Keyword",
        "verified_result": null
      },
      {
        "hashed_secret": "d9e9019d9eb455a3d72a3bc252c26927bb148a10",
        "is_secret": false,
        "is_verified": false,
        "line_number": 318,
        "type": "Secret Keyword",
        "verified_result": null
      }
    ],
    "descriptors/patterns/ibm_cp4a_cr_production_decisions.yaml": [
      {
        "hashed_secret": "cee3d4f779070b81c89ccb7f61dd94c3c1beecca",
        "is_secret": false,
        "is_verified": false,
        "line_number": 100,
        "type": "Secret Keyword",
        "verified_result": null
      }
    ],
    "descriptors/patterns/ibm_cp4a_cr_production_document_processing.yaml": [
      {
        "hashed_secret": "68e32ba1dfe9e649516914c300e9df6cae417273",
        "is_secret": false,
        "is_verified": false,
        "line_number": 46,
        "type": "Secret Keyword",
        "verified_result": null
      },
      {
        "hashed_secret": "3f397195af2f5fa6f4d721860ef893a5b2943153",
        "is_secret": false,
        "is_verified": false,
        "line_number": 128,
        "type": "Secret Keyword",
        "verified_result": null
      },
      {
        "hashed_secret": "b2cc0b3d61540278e86684fca0e6feefc6e8f785",
        "is_secret": false,
        "is_verified": false,
        "line_number": 251,
        "type": "Secret Keyword",
        "verified_result": null
      },
      {
        "hashed_secret": "d9e9019d9eb455a3d72a3bc252c26927bb148a10",
        "is_secret": false,
        "is_verified": false,
        "line_number": 429,
        "type": "Secret Keyword",
        "verified_result": null
      },
      {
        "hashed_secret": "a3fc82c61492a1b8d9fa09e8e23fd7f54f1c0cc7",
        "is_secret": false,
        "is_verified": false,
        "line_number": 574,
        "type": "Secret Keyword",
        "verified_result": null
      },
      {
        "hashed_secret": "069ee41a581b2d55f12b087456a0aeb4b22311f5",
        "is_secret": false,
        "is_verified": false,
        "line_number": 575,
        "type": "Secret Keyword",
        "verified_result": null
      }
    ],
    "descriptors/patterns/ibm_cp4a_cr_production_foundation.yaml": [
      {
        "hashed_secret": "68e32ba1dfe9e649516914c300e9df6cae417273",
        "is_secret": false,
        "is_verified": false,
        "line_number": 111,
        "type": "Secret Keyword",
        "verified_result": null
      },
      {
        "hashed_secret": "b2cc0b3d61540278e86684fca0e6feefc6e8f785",
        "is_secret": false,
        "is_verified": false,
        "line_number": 198,
        "type": "Secret Keyword",
        "verified_result": null
      },
      {
        "hashed_secret": "d9e9019d9eb455a3d72a3bc252c26927bb148a10",
        "is_secret": false,
        "is_verified": false,
        "line_number": 513,
        "type": "Secret Keyword",
        "verified_result": null
      }
    ],
    "descriptors/patterns/ibm_cp4a_cr_production_workflow.yaml": [
      {
        "hashed_secret": "3f397195af2f5fa6f4d721860ef893a5b2943153",
        "is_secret": false,
        "is_verified": false,
        "line_number": 56,
        "type": "Secret Keyword",
        "verified_result": null
      },
      {
        "hashed_secret": "d9e9019d9eb455a3d72a3bc252c26927bb148a10",
        "is_secret": false,
        "is_verified": false,
        "line_number": 250,
        "type": "Secret Keyword",
        "verified_result": null
      },
      {
        "hashed_secret": "07d27a8b4dd120caef6f1879b3edba4fc0617de2",
        "is_secret": false,
        "is_verified": false,
        "line_number": 327,
        "type": "Secret Keyword",
        "verified_result": null
      }
    ],
    "descriptors/patterns/ibm_cp4a_cr_production_workflow_authoring.yaml": [
      {
        "hashed_secret": "3f397195af2f5fa6f4d721860ef893a5b2943153",
        "is_secret": false,
        "is_verified": false,
        "line_number": 55,
        "type": "Secret Keyword",
        "verified_result": null
      },
      {
        "hashed_secret": "d9e9019d9eb455a3d72a3bc252c26927bb148a10",
        "is_secret": false,
        "is_verified": false,
        "line_number": 249,
        "type": "Secret Keyword",
        "verified_result": null
      }
    ],
    "descriptors/patterns/ibm_cp4a_cr_production_workflow_process_service_authoring.yaml": [
      {
        "hashed_secret": "68e32ba1dfe9e649516914c300e9df6cae417273",
        "is_secret": false,
        "is_verified": false,
        "line_number": 47,
        "type": "Secret Keyword",
        "verified_result": null
      },
      {
        "hashed_secret": "3f397195af2f5fa6f4d721860ef893a5b2943153",
        "is_secret": false,
        "is_verified": false,
        "line_number": 75,
        "type": "Secret Keyword",
        "verified_result": null
      },
      {
        "hashed_secret": "b2cc0b3d61540278e86684fca0e6feefc6e8f785",
        "is_secret": false,
        "is_verified": false,
        "line_number": 150,
        "type": "Secret Keyword",
        "verified_result": null
      },
      {
        "hashed_secret": "d9e9019d9eb455a3d72a3bc252c26927bb148a10",
        "is_secret": false,
        "is_verified": false,
        "line_number": 211,
        "type": "Secret Keyword",
        "verified_result": null
      }
    ],
    "descriptors/patterns/ibm_cp4a_cr_production_workstreams.yaml": [
      {
        "hashed_secret": "3f397195af2f5fa6f4d721860ef893a5b2943153",
        "is_secret": false,
        "is_verified": false,
        "line_number": 50,
        "type": "Secret Keyword",
        "verified_result": null
      },
      {
        "hashed_secret": "d9e9019d9eb455a3d72a3bc252c26927bb148a10",
        "is_secret": false,
        "is_verified": false,
        "line_number": 161,
        "type": "Secret Keyword",
        "verified_result": null
      },
      {
        "hashed_secret": "07d27a8b4dd120caef6f1879b3edba4fc0617de2",
        "is_secret": false,
        "is_verified": false,
        "line_number": 237,
        "type": "Secret Keyword",
        "verified_result": null
      }
    ],
    "descriptors/patterns/ibm_cp4a_cr_starter_application.yaml": [
      {
        "hashed_secret": "d2e2ab0f407e4ee3cf2ab87d61c31b25a74085e5",
        "is_secret": false,
        "is_verified": false,
        "line_number": 60,
        "type": "Secret Keyword",
        "verified_result": null
      }
    ],
    "descriptors/patterns/ibm_cp4a_cr_starter_workflow.yaml": [
      {
        "hashed_secret": "d2e2ab0f407e4ee3cf2ab87d61c31b25a74085e5",
        "is_secret": false,
        "is_verified": false,
        "line_number": 78,
        "type": "Secret Keyword",
        "verified_result": null
      }
    ],
    "descriptors/patterns/ibm_cp4a_cr_starter_workflow_authoring-workstreams.yaml": [
      {
        "hashed_secret": "d2e2ab0f407e4ee3cf2ab87d61c31b25a74085e5",
        "is_secret": false,
        "is_verified": false,
        "line_number": 74,
        "type": "Secret Keyword",
        "verified_result": null
      }
    ],
    "descriptors/sub-operator/BAW/icp4a.ibm.com_businessautomationmachinelearnings.yaml": [
      {
        "hashed_secret": "3559d7accf00360971961ca18989adc0614089c0",
        "is_secret": false,
        "is_verified": false,
        "line_number": 405,
        "type": "Secret Keyword",
        "verified_result": null
      }
    ],
    "descriptors/sub-operator/BAW/icp4a.ibm.com_workflowruntimes.yaml": [
      {
        "hashed_secret": "16e27402a1f9be7ea0a67898b3edf99757fb4568",
        "is_secret": false,
        "is_verified": false,
        "line_number": 1256,
        "type": "Secret Keyword",
        "verified_result": null
      },
      {
        "hashed_secret": "d7f694e3e796baeb2f120e28d961e8b6e98ed1bb",
        "is_secret": false,
        "is_verified": false,
        "line_number": 2225,
        "type": "Secret Keyword",
        "verified_result": null
      }
    ],
    "descriptors/sub-operator/BAW/operator.yaml": [
      {
        "hashed_secret": "4b3f365633b7d43430e8747f171fef9b90652312",
        "is_secret": false,
        "is_verified": false,
        "line_number": 30,
        "type": "Hex High Entropy String",
        "verified_result": null
      }
    ],
    "descriptors/sub-operator/FNCM/ibm_content_cr_production.yaml": [
      {
        "hashed_secret": "68e32ba1dfe9e649516914c300e9df6cae417273",
        "is_secret": false,
        "is_verified": false,
        "line_number": 61,
        "type": "Secret Keyword",
        "verified_result": null
      },
      {
        "hashed_secret": "b2cc0b3d61540278e86684fca0e6feefc6e8f785",
        "is_secret": false,
        "is_verified": false,
        "line_number": 219,
        "type": "Secret Keyword",
        "verified_result": null
      },
      {
        "hashed_secret": "d9e9019d9eb455a3d72a3bc252c26927bb148a10",
        "is_secret": false,
        "is_verified": false,
        "line_number": 298,
        "type": "Secret Keyword",
        "verified_result": null
      }
    ],
    "descriptors/sub-operator/FNCM/ibm_content_cr_production_FC.yaml": [
      {
        "hashed_secret": "68e32ba1dfe9e649516914c300e9df6cae417273",
        "is_secret": false,
        "is_verified": false,
        "line_number": 73,
        "type": "Secret Keyword",
        "verified_result": null
      },
      {
        "hashed_secret": "b2cc0b3d61540278e86684fca0e6feefc6e8f785",
        "is_secret": false,
        "is_verified": false,
        "line_number": 506,
        "type": "Secret Keyword",
        "verified_result": null
      },
      {
        "hashed_secret": "d9e9019d9eb455a3d72a3bc252c26927bb148a10",
        "is_secret": false,
        "is_verified": false,
        "line_number": 733,
        "type": "Secret Keyword",
        "verified_result": null
      }
    ],
    "descriptors/sub-operator/PFS/ibm_pfs_crd.yaml": [
      {
        "hashed_secret": "3f05dc8f22598ebbafb28369a10b447624022beb",
        "is_secret": false,
        "is_verified": false,
        "line_number": 1234,
        "type": "Secret Keyword",
        "verified_result": null
      }
    ],
    "descriptors/sub-operator/PFS/operator.yaml": [
      {
        "hashed_secret": "4b3f365633b7d43430e8747f171fef9b90652312",
        "is_secret": false,
        "is_verified": false,
        "line_number": 34,
        "type": "Hex High Entropy String",
        "verified_result": null
      }
    ],
    "scripts/ADP/cpds.properties.sample": [
      {
        "hashed_secret": "ff9ee043d85595eb255c05dfe32ece02a53efbb2",
        "is_secret": false,
        "is_verified": false,
        "line_number": 111,
        "type": "Secret Keyword",
        "verified_result": null
      },
      {
        "hashed_secret": "fea683a7efc8831c9a24346648d2d0a03f0f406b",
        "is_secret": false,
        "is_verified": false,
        "line_number": 127,
        "type": "Secret Keyword",
        "verified_result": null
      }
    ],
    "scripts/ADP/cpds_cleanUpProject.sh": [
      {
        "hashed_secret": "33da8d0e8af2efc260f01d8e5edfcc5c5aba44ad",
        "is_secret": false,
        "is_verified": false,
        "line_number": 60,
        "type": "Secret Keyword",
        "verified_result": null
      }
    ],
    "scripts/ADP/cpds_cleanUpTeams.sh": [
      {
        "hashed_secret": "33da8d0e8af2efc260f01d8e5edfcc5c5aba44ad",
        "is_secret": false,
        "is_verified": false,
        "line_number": 64,
        "type": "Secret Keyword",
        "verified_result": null
      }
    ],
    "scripts/ADP/cpds_configureOS.sh": [
      {
        "hashed_secret": "33da8d0e8af2efc260f01d8e5edfcc5c5aba44ad",
        "is_secret": false,
        "is_verified": false,
        "line_number": 28,
        "type": "Secret Keyword",
        "verified_result": null
      }
    ],
    "scripts/ADP/cpds_deployProj.sh": [
      {
        "hashed_secret": "33da8d0e8af2efc260f01d8e5edfcc5c5aba44ad",
        "is_secret": false,
        "is_verified": false,
        "line_number": 48,
        "type": "Secret Keyword",
        "verified_result": null
      },
      {
        "hashed_secret": "ff9ee043d85595eb255c05dfe32ece02a53efbb2",
        "is_secret": false,
        "is_verified": false,
        "line_number": 61,
        "type": "Secret Keyword",
        "verified_result": null
      }
    ],
    "scripts/ADP/cpds_getDeployedProjSnapshot.sh": [
      {
        "hashed_secret": "33da8d0e8af2efc260f01d8e5edfcc5c5aba44ad",
        "is_secret": false,
        "is_verified": false,
        "line_number": 40,
        "type": "Secret Keyword",
        "verified_result": null
      }
    ],
    "scripts/ADP/cpds_getDeploymentStatus.sh": [
      {
        "hashed_secret": "33da8d0e8af2efc260f01d8e5edfcc5c5aba44ad",
        "is_secret": false,
        "is_verified": false,
        "line_number": 31,
        "type": "Secret Keyword",
        "verified_result": null
      }
    ],
    "scripts/ADP/cpds_getOSConfigStatus.sh": [
      {
        "hashed_secret": "33da8d0e8af2efc260f01d8e5edfcc5c5aba44ad",
        "is_secret": false,
        "is_verified": false,
        "line_number": 25,
        "type": "Secret Keyword",
        "verified_result": null
      }
    ],
    "scripts/ADP/cpds_projectPrecheck.sh": [
      {
        "hashed_secret": "33da8d0e8af2efc260f01d8e5edfcc5c5aba44ad",
        "is_secret": false,
        "is_verified": false,
        "line_number": 45,
        "type": "Secret Keyword",
        "verified_result": null
      },
      {
        "hashed_secret": "ff9ee043d85595eb255c05dfe32ece02a53efbb2",
        "is_secret": false,
        "is_verified": false,
        "line_number": 54,
        "type": "Secret Keyword",
        "verified_result": null
      }
    ],
    "scripts/ADP/cpds_systemPrecheck.sh": [
      {
        "hashed_secret": "33da8d0e8af2efc260f01d8e5edfcc5c5aba44ad",
        "is_secret": false,
        "is_verified": false,
        "line_number": 33,
        "type": "Secret Keyword",
        "verified_result": null
      },
      {
        "hashed_secret": "ff9ee043d85595eb255c05dfe32ece02a53efbb2",
        "is_secret": false,
        "is_verified": false,
        "line_number": 42,
        "type": "Secret Keyword",
        "verified_result": null
      }
    ],
    "scripts/ADP/helper_getUMSToken.sh": [
      {
        "hashed_secret": "70374248fd7129088fef42b8f568443f6dce3a48",
        "is_secret": false,
        "is_verified": false,
        "line_number": 21,
        "type": "Secret Keyword",
        "verified_result": null
      }
    ],
    "scripts/ADP/helper_getZENToken.sh": [
      {
        "hashed_secret": "70374248fd7129088fef42b8f568443f6dce3a48",
        "is_secret": false,
        "is_verified": false,
        "line_number": 22,
        "type": "Secret Keyword",
        "verified_result": null
      }
    ],
    "scripts/airgap/scripts/configfile/cp4a_airgap_mirroring.property": [
      {
        "hashed_secret": "cee3d4f779070b81c89ccb7f61dd94c3c1beecca",
        "is_secret": false,
        "is_verified": false,
        "line_number": 32,
        "type": "Secret Keyword",
        "verified_result": null
      }
    ],
    "scripts/airgap/scripts/helperscripts/user_inputs.sh": [
      {
        "hashed_secret": "df58248c414f342c81e056b40bee12d17a08bf61",
        "is_secret": false,
        "is_verified": false,
        "line_number": 96,
        "type": "Secret Keyword",
        "verified_result": null
      },
      {
        "hashed_secret": "71732a91edf5fdb69b4b909b06b3231738c4de91",
        "is_secret": false,
        "is_verified": false,
        "line_number": 247,
        "type": "Secret Keyword",
        "verified_result": null
      },
      {
        "hashed_secret": "0f677ee1134599e137b87e1993790b8088a07eea",
        "is_secret": false,
        "is_verified": false,
        "line_number": 421,
        "type": "Secret Keyword",
        "verified_result": null
      }
    ],
    "scripts/baw-prerequisites.sh": [
      {
        "hashed_secret": "442edd08f78b39cfcfe765d72050fe4953ef0b53",
        "is_secret": false,
        "is_verified": false,
        "line_number": 607,
        "type": "Secret Keyword",
        "verified_result": null
      },
      {
        "hashed_secret": "654889cb774b0dbbab59cd3611adcaa90de9cd58",
        "is_secret": false,
        "is_verified": false,
        "line_number": 728,
        "type": "Secret Keyword",
        "verified_result": null
      },
      {
        "hashed_secret": "0f0e4744f875c02f4103b1497ce3d91d3a097d93",
        "is_secret": false,
        "is_verified": false,
        "line_number": 762,
        "type": "Secret Keyword",
        "verified_result": null
      },
      {
        "hashed_secret": "a7814476e6e8d6c17d05a847423c8b9b2a63d2ec",
        "is_secret": false,
        "is_verified": false,
        "line_number": 767,
        "type": "Secret Keyword",
        "verified_result": null
      },
      {
        "hashed_secret": "17ae4f69de3630b321a2f55d6f5fa258cb00d127",
        "is_secret": false,
        "is_verified": false,
        "line_number": 768,
        "type": "Secret Keyword",
        "verified_result": null
      },
      {
        "hashed_secret": "76e2ad746890be6e7e23f432b249f57b84335b2c",
        "is_secret": false,
        "is_verified": false,
        "line_number": 782,
        "type": "Secret Keyword",
        "verified_result": null
      },
      {
        "hashed_secret": "9abd90080be23b7d7422bb3b5a92227739b133ba",
        "is_secret": false,
        "is_verified": false,
        "line_number": 828,
        "type": "Secret Keyword",
        "verified_result": null
      },
      {
        "hashed_secret": "58e23933ae8dccfe10a8fe4574f84384d84e50ed",
        "is_secret": false,
        "is_verified": false,
        "line_number": 857,
        "type": "Secret Keyword",
        "verified_result": null
      },
      {
        "hashed_secret": "7ff6f3e6832741f5287ffa7098b7ce73c7e7246e",
        "is_secret": false,
        "is_verified": false,
        "line_number": 872,
        "type": "Secret Keyword",
        "verified_result": null
      },
      {
        "hashed_secret": "5d9511ab6a4845c5e1036c1245f5bd8fc2f53606",
        "is_secret": false,
        "is_verified": false,
        "line_number": 878,
        "type": "Secret Keyword",
        "verified_result": null
      },
      {
        "hashed_secret": "c868f2b28a6187cd9bf511daa9a012c947dcee99",
        "is_secret": false,
        "is_verified": false,
        "line_number": 1559,
        "type": "Secret Keyword",
        "verified_result": null
      },
      {
        "hashed_secret": "d9cde546fa188bb68332b57c32e4aad14169d470",
        "is_secret": false,
        "is_verified": false,
        "line_number": 1601,
        "type": "Secret Keyword",
        "verified_result": null
      },
      {
        "hashed_secret": "1ca82234842db5455e42fecb884bc22a613b8a1e",
        "is_secret": false,
        "is_verified": false,
        "line_number": 1767,
        "type": "Secret Keyword",
        "verified_result": null
      },
      {
        "hashed_secret": "0c33131dcdcd6d91454662c68e31f77a39065850",
        "is_secret": false,
        "is_verified": false,
        "line_number": 2761,
        "type": "Secret Keyword",
        "verified_result": null
      }
    ],
    "scripts/case-migrate-baw-prerequisites.sh": [
      {
        "hashed_secret": "0c33131dcdcd6d91454662c68e31f77a39065850",
        "is_secret": false,
        "is_verified": false,
        "line_number": 990,
        "type": "Secret Keyword",
        "verified_result": null
      }
    ],
    "scripts/case-migrate-cp4a-prerequisites.sh": [
      {
        "hashed_secret": "0c33131dcdcd6d91454662c68e31f77a39065850",
        "is_secret": false,
        "is_verified": false,
        "line_number": 1302,
        "type": "Secret Keyword",
        "verified_result": null
      }
    ],
    "scripts/cp4a-clusteradmin-setup.sh": [
      {
        "hashed_secret": "df58248c414f342c81e056b40bee12d17a08bf61",
        "is_secret": false,
        "is_verified": false,
        "line_number": 1965,
        "type": "Secret Keyword",
        "verified_result": null
      }
    ],
    "scripts/cp4a-deployment.sh": [
      {
        "hashed_secret": "841eb11600a9613b0ebcb26d329f307d6203241b",
        "is_secret": false,
        "is_verified": false,
        "line_number": 1256,
        "type": "Secret Keyword",
        "verified_result": null
      },
      {
        "hashed_secret": "fb360f9c09ac8c5edb2f18be5de4e80ea4c430d0",
        "is_secret": false,
        "is_verified": false,
        "line_number": 6584,
        "type": "Secret Keyword",
        "verified_result": null
      },
      {
        "hashed_secret": "bb7b77e8fb04e9a9f417b2b982c0bafe931eccd5",
        "is_secret": false,
        "is_verified": false,
        "line_number": 7064,
        "type": "Secret Keyword",
        "verified_result": null
      },
      {
        "hashed_secret": "71732a91edf5fdb69b4b909b06b3231738c4de91",
        "is_secret": false,
        "is_verified": false,
        "line_number": 8526,
        "type": "Secret Keyword",
        "verified_result": null
      }
    ],
    "scripts/cp4a-edb-production-backup-restore.sh": [
      {
        "hashed_secret": "2ace62c1befa19e3ea37dd52be9f6d508c5163e6",
        "is_secret": false,
        "is_verified": false,
        "line_number": 451,
        "type": "Secret Keyword",
        "verified_result": null
      },
      {
        "hashed_secret": "d949133fcc4f31236a198e433e2ed70f615f5093",
        "is_secret": false,
        "is_verified": false,
        "line_number": 487,
        "type": "Secret Keyword",
        "verified_result": null
      }
    ],
    "scripts/cp4a-prerequisites.sh": [
      {
        "hashed_secret": "98ee3b54f585e015dd9a9664a9ee4a5581d16ce1",
        "is_secret": false,
        "is_verified": false,
        "line_number": 1618,
        "type": "Secret Keyword",
        "verified_result": null
      },
      {
        "hashed_secret": "442edd08f78b39cfcfe765d72050fe4953ef0b53",
        "is_secret": false,
        "is_verified": false,
        "line_number": 1753,
        "type": "Secret Keyword",
        "verified_result": null
      },
      {
        "hashed_secret": "17ae4f69de3630b321a2f55d6f5fa258cb00d127",
        "is_secret": false,
        "is_verified": false,
        "line_number": 2305,
        "type": "Secret Keyword",
        "verified_result": null
      },
      {
        "hashed_secret": "9abd90080be23b7d7422bb3b5a92227739b133ba",
        "is_secret": false,
        "is_verified": false,
        "line_number": 2714,
        "type": "Secret Keyword",
        "verified_result": null
      },
      {
        "hashed_secret": "fa1d76a56f6af9a37c7bb08abe18613b9738ec0b",
        "is_secret": false,
        "is_verified": false,
        "line_number": 4062,
        "type": "Secret Keyword",
        "verified_result": null
      },
      {
        "hashed_secret": "f7f2c9aa0405dcd42f6fafa8d08e03f4efa03535",
        "is_secret": false,
        "is_verified": false,
        "line_number": 4565,
        "type": "Secret Keyword",
        "verified_result": null
      },
      {
        "hashed_secret": "450b5d48deb1a4c3a052610609b99a3e76d2f45f",
        "is_secret": false,
        "is_verified": false,
        "line_number": 4634,
        "type": "Secret Keyword",
        "verified_result": null
      },
      {
        "hashed_secret": "44d6286970e963bb774afb16bdb89ec28aa9a455",
        "is_secret": false,
        "is_verified": false,
        "line_number": 4725,
        "type": "Secret Keyword",
        "verified_result": null
      },
      {
        "hashed_secret": "94cdca85bf830125b5669a6a3f074c1374381987",
        "is_secret": false,
        "is_verified": false,
        "line_number": 4782,
        "type": "Secret Keyword",
        "verified_result": null
      },
      {
        "hashed_secret": "6aa8484ffca2b12bb3b289ecb0761d7572060c27",
        "is_secret": false,
        "is_verified": false,
        "line_number": 4795,
        "type": "Secret Keyword",
        "verified_result": null
      },
      {
        "hashed_secret": "f44d65036e0070ddec8c2191d388f0fdce88ec2f",
        "is_secret": false,
        "is_verified": false,
        "line_number": 4810,
        "type": "Secret Keyword",
        "verified_result": null
      },
      {
        "hashed_secret": "137c773f9a8f6ea335333fe0da8d529645fa2297",
        "is_secret": false,
        "is_verified": false,
        "line_number": 4823,
        "type": "Secret Keyword",
        "verified_result": null
      },
      {
        "hashed_secret": "07324cc1ecf4630ffd4dc6d6676739939a7577c5",
        "is_secret": false,
        "is_verified": false,
        "line_number": 4870,
        "type": "Basic Auth Credentials",
        "verified_result": null
      },
      {
        "hashed_secret": "f6f650f14368c3574fa89cf0d1622b0485647e63",
        "is_secret": false,
        "is_verified": false,
        "line_number": 4877,
        "type": "Secret Keyword",
        "verified_result": null
      },
      {
        "hashed_secret": "bab4d6f37edb29dc6ac554a57d84c51493eed725",
        "is_secret": false,
        "is_verified": false,
        "line_number": 4900,
        "type": "Secret Keyword",
        "verified_result": null
      },
      {
        "hashed_secret": "c868f2b28a6187cd9bf511daa9a012c947dcee99",
        "is_secret": false,
        "is_verified": false,
        "line_number": 4906,
        "type": "Secret Keyword",
        "verified_result": null
      },
      {
        "hashed_secret": "c43ced4ce6f03b5926a6bcafa883fcf11a382e12",
        "is_secret": false,
        "is_verified": false,
        "line_number": 4910,
        "type": "Secret Keyword",
        "verified_result": null
      },
      {
        "hashed_secret": "7be948487692b3ca0686929d391cba12da786fea",
        "is_secret": false,
        "is_verified": false,
        "line_number": 4997,
        "type": "Secret Keyword",
        "verified_result": null
      },
      {
        "hashed_secret": "22c12c5e6f2cf912c02944975c3ec4c1d87ce112",
        "is_secret": false,
        "is_verified": false,
        "line_number": 5121,
        "type": "Secret Keyword",
        "verified_result": null
      },
      {
        "hashed_secret": "1ae02242660ed25d44afe5b98b6c3f16a7eaabc3",
        "is_secret": false,
        "is_verified": false,
        "line_number": 5209,
        "type": "Secret Keyword",
        "verified_result": null
      },
      {
        "hashed_secret": "fe954b4c4cca009d7ec0d1d24e47ceec28e46930",
        "is_secret": false,
        "is_verified": false,
        "line_number": 5299,
        "type": "Secret Keyword",
        "verified_result": null
      },
      {
        "hashed_secret": "c5c6b3367364cc1fd4decf3a0f1b573ba4a58b96",
        "is_secret": false,
        "is_verified": false,
        "line_number": 5391,
        "type": "Secret Keyword",
        "verified_result": null
      },
      {
        "hashed_secret": "6c3fe2695f2de7a7b2c38385d06eaa73b3960846",
        "is_secret": false,
        "is_verified": false,
        "line_number": 5394,
        "type": "Secret Keyword",
        "verified_result": null
      },
      {
        "hashed_secret": "068cd2da3ecd0c64f515fccc21090e8db93b0d6d",
        "is_secret": false,
        "is_verified": false,
        "line_number": 5440,
        "type": "Basic Auth Credentials",
        "verified_result": null
      },
      {
        "hashed_secret": "5f2f207531263d39bf0607f13b092d6a48697dd6",
        "is_secret": false,
        "is_verified": false,
        "line_number": 5658,
        "type": "Secret Keyword",
        "verified_result": null
      },
      {
        "hashed_secret": "0c33131dcdcd6d91454662c68e31f77a39065850",
        "is_secret": false,
        "is_verified": false,
        "line_number": 8536,
        "type": "Secret Keyword",
        "verified_result": null
      }
    ],
    "scripts/cpfs/installer_scripts/GIT_COMMIT_HASH": [
      {
        "hashed_secret": "caaeaab1d05073ee983839d13d355eb56af11098",
        "is_secret": false,
        "is_verified": false,
        "line_number": 1,
        "type": "Hex High Entropy String",
        "verified_result": null
      }
    ],
    "scripts/cpfs/installer_scripts/backup_preload_mongo.sh": [
      {
        "hashed_secret": "02f8c57c06e6c45c385f15322ddb442dd36c4fcf",
        "is_secret": false,
        "is_verified": false,
        "line_number": 900,
        "type": "Secret Keyword",
        "verified_result": null
      },
      {
        "hashed_secret": "60abf22230daba6355bd912ce75c9c9ee03a60db",
        "is_secret": false,
        "is_verified": false,
        "line_number": 905,
        "type": "Secret Keyword",
        "verified_result": null
      },
      {
        "hashed_secret": "058bf5211ff7e3c62ba70131c9d27b0447d46307",
        "is_secret": false,
        "is_verified": false,
        "line_number": 935,
        "type": "Secret Keyword",
        "verified_result": null
      },
      {
        "hashed_secret": "00c33fae362f8ba82f3d4ea54b7767ccd8a62ab8",
        "is_secret": false,
        "is_verified": false,
        "line_number": 936,
        "type": "Secret Keyword",
        "verified_result": null
      }
    ],
    "scripts/cpfs/installer_scripts/cert-manager.yaml": [
      {
        "hashed_secret": "11f0b6aad889e6e3d00a24835dbbd060fcd0ca4d",
        "is_secret": false,
        "is_verified": false,
        "line_number": 1060,
        "type": "Secret Keyword",
        "verified_result": null
      }
    ],
    "scripts/cpfs/installer_scripts/preload_data.sh": [
      {
        "hashed_secret": "02f8c57c06e6c45c385f15322ddb442dd36c4fcf",
        "is_secret": false,
        "is_verified": false,
        "line_number": 900,
        "type": "Secret Keyword",
        "verified_result": null
      },
      {
        "hashed_secret": "60abf22230daba6355bd912ce75c9c9ee03a60db",
        "is_secret": false,
        "is_verified": false,
        "line_number": 905,
        "type": "Secret Keyword",
        "verified_result": null
      },
      {
        "hashed_secret": "058bf5211ff7e3c62ba70131c9d27b0447d46307",
        "is_secret": false,
        "is_verified": false,
        "line_number": 935,
        "type": "Secret Keyword",
        "verified_result": null
      },
      {
        "hashed_secret": "00c33fae362f8ba82f3d4ea54b7767ccd8a62ab8",
        "is_secret": false,
        "is_verified": false,
        "line_number": 936,
        "type": "Secret Keyword",
        "verified_result": null
      }
    ],
    "scripts/cpfs/installer_scripts/velero/schedule/zen4-br-scripts.yaml": [
      {
        "hashed_secret": "8fc970e80bc248848ca3b9603f73eeb1fdfa4d58",
        "is_secret": false,
        "is_verified": false,
        "line_number": 380,
        "type": "Secret Keyword",
        "verified_result": null
      }
    ],
    "scripts/cpfs/installer_scripts/velero/schedule/zen5-br-scripts-cm.yaml": [
      {
        "hashed_secret": "8fc970e80bc248848ca3b9603f73eeb1fdfa4d58",
        "is_secret": false,
        "is_verified": false,
        "line_number": 481,
        "type": "Secret Keyword",
        "verified_result": null
      }
    ],
    "scripts/helper/common.sh": [
      {
        "hashed_secret": "f162e7faabad976de4086877c2f2181429a51311",
        "is_secret": false,
        "is_verified": false,
        "line_number": 731,
        "type": "Secret Keyword",
        "verified_result": null
      }
    ],
    "scripts/helper/cp4a-verification.sh": [
      {
        "hashed_secret": "07313f0e320f22cbfa35cfc220508eb3ff457c7e",
        "is_secret": false,
        "is_verified": false,
        "line_number": 103,
        "type": "Secret Keyword",
        "verified_result": null
      },
      {
        "hashed_secret": "79b50c37ca39ff0a232fe3e9ca102fa47a10c2b5",
        "is_secret": false,
        "is_verified": false,
        "line_number": 329,
        "type": "Secret Keyword",
        "verified_result": null
      }
    ],
    "scripts/helper/cp4ba-secret.sh": [
      {
        "hashed_secret": "b79a1fea1b2210703a49d09064ee6249b3ed2557",
        "is_secret": false,
        "is_verified": false,
        "line_number": 60,
        "type": "Secret Keyword",
        "verified_result": null
      },
      {
        "hashed_secret": "1166d03dee987b2a89d392c41b385ba490d0a874",
        "is_secret": false,
        "is_verified": false,
        "line_number": 174,
        "type": "Secret Keyword",
        "verified_result": null
      },
      {
        "hashed_secret": "d372669f673ed2cae660a7c994a7f7e80e5014a1",
        "is_secret": false,
        "is_verified": false,
        "line_number": 176,
        "type": "Secret Keyword",
        "verified_result": null
      },
      {
        "hashed_secret": "20a47b8dc9d4950cb2c03d3e79d3fe35e1aef109",
        "is_secret": false,
        "is_verified": false,
        "line_number": 279,
        "type": "Secret Keyword",
        "verified_result": null
      },
      {
        "hashed_secret": "07313f0e320f22cbfa35cfc220508eb3ff457c7e",
        "is_secret": false,
        "is_verified": false,
        "line_number": 313,
        "type": "Secret Keyword",
        "verified_result": null
      },
      {
        "hashed_secret": "d0e909ad6f61e65dd7e4a9c144264ae96bc8bd3d",
        "is_secret": false,
        "is_verified": false,
        "line_number": 368,
        "type": "Secret Keyword",
        "verified_result": null
      },
      {
        "hashed_secret": "5dac0618eefc6c275f32f490e8a19491bfa75583",
        "is_secret": false,
        "is_verified": false,
        "line_number": 370,
        "type": "Secret Keyword",
        "verified_result": null
      },
      {
        "hashed_secret": "9236b0334ec646e7b04ead78147040898d69fd35",
        "is_secret": false,
        "is_verified": false,
        "line_number": 372,
        "type": "Secret Keyword",
        "verified_result": null
      },
      {
        "hashed_secret": "f1bd98966f2e8c944cd3709477313758853d9278",
        "is_secret": false,
        "is_verified": false,
        "line_number": 373,
        "type": "Secret Keyword",
        "verified_result": null
      },
      {
        "hashed_secret": "e83eaaa48c11418a8cd2eb3ed2bbd8cf5b7fbc7f",
        "is_secret": false,
        "is_verified": false,
        "line_number": 374,
        "type": "Secret Keyword",
        "verified_result": null
      },
      {
        "hashed_secret": "07324cc1ecf4630ffd4dc6d6676739939a7577c5",
        "is_secret": false,
        "is_verified": false,
        "line_number": 541,
        "type": "Basic Auth Credentials",
        "verified_result": null
      },
      {
        "hashed_secret": "184f3b76ce2f23a601e8cc0866dca44c0a7067b3",
        "is_secret": false,
        "is_verified": false,
        "line_number": 595,
        "type": "Secret Keyword",
        "verified_result": null
      },
      {
        "hashed_secret": "1a70e90515ef1357abd3531dead4b53b6eba959f",
        "is_secret": false,
        "is_verified": false,
        "line_number": 686,
        "type": "Secret Keyword",
        "verified_result": null
      },
      {
        "hashed_secret": "ccd586aae51336eb78f227656052cd1b0bcb5da2",
        "is_secret": false,
        "is_verified": false,
        "line_number": 774,
        "type": "Secret Keyword",
        "verified_result": null
      },
      {
        "hashed_secret": "07d27a8b4dd120caef6f1879b3edba4fc0617de2",
        "is_secret": false,
        "is_verified": false,
        "line_number": 837,
        "type": "Secret Keyword",
        "verified_result": null
      },
      {
        "hashed_secret": "068cd2da3ecd0c64f515fccc21090e8db93b0d6d",
        "is_secret": false,
        "is_verified": false,
        "line_number": 883,
        "type": "Basic Auth Credentials",
        "verified_result": null
      }
    ],
    "scripts/helper/post-install/env.sh": [
      {
        "hashed_secret": "d08f88df745fa7950b104e4a707a31cfce7b5841",
        "is_secret": false,
        "is_verified": false,
        "line_number": 39,
        "type": "Secret Keyword",
        "verified_result": null
      },
      {
        "hashed_secret": "6d7582694cabca245c9902b2525c7c5552981c8a",
        "is_secret": false,
        "is_verified": false,
        "line_number": 73,
        "type": "Secret Keyword",
        "verified_result": null
      }
    ],
    "scripts/helper/post-install/services/ads.sh": [
      {
        "hashed_secret": "ff1b0b84868e94a30e493c95b7079d886733b354",
        "is_secret": false,
        "is_verified": false,
        "line_number": 130,
        "type": "Secret Keyword",
        "verified_result": null
      }
    ],
    "scripts/helper/post-install/services/baa.sh": [
      {
        "hashed_secret": "ff1b0b84868e94a30e493c95b7079d886733b354",
        "is_secret": false,
        "is_verified": false,
        "line_number": 46,
        "type": "Secret Keyword",
        "verified_result": null
      }
    ],
    "scripts/helper/post-install/services/baml.sh": [
      {
        "hashed_secret": "ff1b0b84868e94a30e493c95b7079d886733b354",
        "is_secret": false,
        "is_verified": false,
        "line_number": 45,
        "type": "Secret Keyword",
        "verified_result": null
      }
    ],
    "scripts/helper/post-install/services/bastudio.sh": [
      {
        "hashed_secret": "ff1b0b84868e94a30e493c95b7079d886733b354",
        "is_secret": false,
        "is_verified": false,
        "line_number": 44,
        "type": "Secret Keyword",
        "verified_result": null
      }
    ],
    "scripts/helper/post-install/services/baw.sh": [
      {
        "hashed_secret": "ff1b0b84868e94a30e493c95b7079d886733b354",
        "is_secret": false,
        "is_verified": false,
        "line_number": 113,
        "type": "Secret Keyword",
        "verified_result": null
      }
    ],
    "scripts/helper/post-install/services/filenet.sh": [
      {
        "hashed_secret": "ff1b0b84868e94a30e493c95b7079d886733b354",
        "is_secret": false,
        "is_verified": false,
        "line_number": 34,
        "type": "Secret Keyword",
        "verified_result": null
      }
    ],
    "scripts/helper/post-install/services/functions.sh": [
      {
        "hashed_secret": "ff1b0b84868e94a30e493c95b7079d886733b354",
        "is_secret": false,
        "is_verified": false,
        "line_number": 443,
        "type": "Secret Keyword",
        "verified_result": null
      }
    ],
    "scripts/helper/post-install/services/navigator.sh": [
      {
        "hashed_secret": "ff1b0b84868e94a30e493c95b7079d886733b354",
        "is_secret": false,
        "is_verified": false,
        "line_number": 29,
        "type": "Secret Keyword",
        "verified_result": null
      }
    ],
    "scripts/helper/post-install/services/odm.sh": [
      {
        "hashed_secret": "ff1b0b84868e94a30e493c95b7079d886733b354",
        "is_secret": false,
        "is_verified": false,
        "line_number": 28,
        "type": "Secret Keyword",
        "verified_result": null
      }
    ],
    "scripts/helper/upgrade/upgrade_merge_yaml.sh": [
      {
        "hashed_secret": "46fcd6d67e599e4967d3a03fadb8acb6eb574cb8",
        "is_secret": false,
        "is_verified": false,
        "line_number": 1075,
        "type": "Secret Keyword",
        "verified_result": null
      }
    ],
    "scripts/loadPrereqImages.sh": [
      {
        "hashed_secret": "c8302aaf8df4e6e887d97dff93f1909f94d00195",
        "is_secret": false,
        "is_verified": false,
        "line_number": 106,
        "type": "Secret Keyword",
        "verified_result": null
      },
      {
        "hashed_secret": "df58248c414f342c81e056b40bee12d17a08bf61",
        "is_secret": false,
        "is_verified": false,
        "line_number": 116,
        "type": "Secret Keyword",
        "verified_result": null
      }
    ]
  },
  "version": "0.13.1+ibm.61.dss",
  "word_list": {
    "file": null,
    "hash": null
  }
}
