# Start to validate the parameters passed into script... 
[✔] oc command available
[✔] /Users/varunsriram/Documents/Work/CloudPak/CodeRepos/cert-kubernetes/scripts/cpfs/yq/macos/yq command available
[✔] oc command logged in as kube:admin
[✔] Channel v4.11 is valid
[INFO] ibm-common-service-operator subscription exists, it is upgrade scenario

[✗] It is simple namespace topology

[✔] Profile size is valid.
# Validate CatalogSource for operator ibm-common-service-operator in cp2400 namespace
[✔] CatalogSource ibm-cs-install-catalog-v4-11-0 from cp2400 CatalogSourceNamespace is available for ibm-common-service-operator in cp2400 namespace

# Checking whether Namespace cp2400 exist...
[✔] Namespace cp2400 already exists. Skip creating

# Checking whether Namespace cp2400 exist...
[✔] Namespace cp2400 already exists. Skip creating

# Checking whether OperatorGroup in cp2400 exist...
[✔] OperatorGroup already exists in cp2400. Skip creating

#  Checking whether Cert Manager exist...
#  Smoke test for Cert Manager existence...
[DEBUG] Creating Issuer test-issuer in namespace cp2400 .
[INFO] Creating following issuer:

apiVersion: cert-manager.io/v1
kind: Issuer
metadata:
  name: test-issuer
  namespace: cp2400
spec:
  selfSigned: {}

issuer.cert-manager.io/test-issuer created
[DEBUG] Creating Certificate test-certificate in namespace cp2400 .
[INFO] Creating following certificate:

apiVersion: cert-manager.io/v1
kind: Certificate
metadata:
  name: test-certificate
  namespace: cp2400
spec:
  commonName: test-certificate
  issuerRef:
    kind: Issuer
    name: test-issuer
  secretName: test-certificate-secret

certificate.cert-manager.io/test-certificate created
[INFO] Waiting for Issuer test-issuer in namespace cp2400 to be Ready
[✔] Issuer test-issuer in namespace cp2400 is Ready

[INFO] Waiting for Certificate test-certificate in namespace cp2400 to be Ready
[✔] Certificate test-certificate in namespace cp2400 is Ready

[INFO] Deleting test-issuer Issuer ...
issuer.cert-manager.io "test-issuer" deleted

[INFO] Deleting test-certificate Certificate ...
certificate.cert-manager.io "test-certificate" deleted

[INFO] Deleting 56303secret_name Secret ...
secret "test-certificate-secret" deleted

#  Checking IBMLicensing...
[✗] NamespaceScope Configuration is not needed for simple or all namespaces topology, skip NamespaceScope setup

# Installing IBM Foundational services operator into operator namespace cp2400...
# Checking if CommonService CRD exists in the cluster...
[INFO] CommonService CRD exist

# Configuring CommonService CR in cp2400...
[INFO] Configuring CommonService CR common-service in cp2400

apiVersion: operator.ibm.com/v3
kind: CommonService
metadata:
  annotations:
    version: "-1"
  labels:
    app.kubernetes.io/component: Operator
    app.kubernetes.io/instance: content
    app.kubernetes.io/managed-by: Operator
    app.kubernetes.io/name: content-cp4ba
    app.kubernetes.io/version: 24.0.0
    foundationservices.cloudpak.ibm.com: commonservice
    release: 24.0.0
  name: common-service
  namespace: cp2400
spec:
  license:
    accept: true
  operatorNamespace: cp2400
  servicesNamespace: cp2400
  size: small
  storageClass: csi-cephfs
status:
  bedrockOperators:
    - installPlanName: install-68kpj
      name: ibm-events-operator
      operatorStatus: Succeeded
      subscriptionStatus: Succeeded
      version: v5.0.1
  conditions:
    - lastTransitionTime: "2025-05-15T20:16:54Z"
      lastUpdateTime: "2025-05-15T20:16:54Z"
      message: reconciling CommonService CR.
      reason: StartReconciling
      status: "False"
      type: Reconciling
    - lastTransitionTime: "2025-05-15T20:45:28Z"
      lastUpdateTime: "2025-05-15T20:45:28Z"
      message: 'initializing/updating: waiting for OperandRegistry and OperandConfig to become ready.'
      reason: UpdatingResources
      status: "False"
      type: Pending
    - lastTransitionTime: "2025-05-15T20:45:49Z"
      lastUpdateTime: "2025-05-15T20:45:49Z"
      message: configuring CommonService CR.
      reason: Configuring
      status: "False"
      type: Reconciling
    - lastTransitionTime: "2025-05-15T20:45:49Z"
      lastUpdateTime: "2025-05-15T20:45:49Z"
      message: CommonService CR is ready.
      reason: ReconcileSucceeded
      status: "True"
      type: Ready
  configStatus:
    catalogName: ibm-cs-install-catalog-v4-6-11
    catalogNamespace: cp2400
    configurable: true
    operatorDeployed: true
    operatorNamespace: cp2400
    servicesDeployed: true
    servicesNamespace: cp2400
    topologyConfigurableCRs:
      - apiVersion: operator.ibm.com/v3
        kind: CommonService
        namespace: cp2400
        objectName: common-service
  overallStatus: Succeeded
  phase: Succeeded

pod/ibm-common-service-operator-8498557c47-9vbxw condition met
[DEBUG] ibm-common-service-operator pod is ready

Warning: resource commonservices/common-service is missing the kubectl.kubernetes.io/last-applied-configuration annotation which is required by oc apply. oc apply should only be used on resources created declaratively by either oc create --save-config or oc apply. The missing annotation will be patched automatically.
commonservice.operator.ibm.com/common-service configured
[✔] Successfully patched CommonService CR in cp2400
# Checking whether IBM Common Service operator exist...
[INFO] There is an ibm-common-service-operator Subscription already

# Updating ibm-common-service-operator-v4.6-ibm-cs-install-catalog-v4-6-11-cp2400 in namesapce cp2400...
[INFO] v4.6 is less than v4.11
[INFO] catalogsource ibm-cs-install-catalog-v4-6-11 is different from ibm-cs-install-catalog-v4-11-0
[INFO] ibm-common-service-operator is ready for updating the subscription.
subscription.operators.coreos.com/ibm-common-service-operator-v4.6-ibm-cs-install-catalog-v4-6-11-cp2400 configured
[✔] Successfully patched subscription ibm-common-service-operator in cp2400
[INFO] Waiting for operator ibm-common-service-operator to be upgraded
[DEBUG] oc get subscription.operators.coreos.com -l operators.coreos.com/ibm-common-service-operator.cp2400='' -n cp2400 -o jsonpath='{.items[*].status.conditions}' -> 
[{"lastTransitionTime":"2025-05-16T02:42:07Z","message":"all available catalogsources are healthy","reason":"AllCatalogSourcesHealthy","status":"False","type":"CatalogSourcesUnhealthy"},{"lastTransitionTime":"2025-05-15T21:08:56Z","reason":"ReferencedInstallPlanNotFound","status":"True","type":"InstallPlanMissing"},{"message":"constraints not satisfiable: subscription ibm-bts-operator exists, no operators found from catalog ibm-bts-operator-catalog-v3-35-1 in namespace cp2400 referenced by subscription ibm-bts-operator","reason":"ConstraintsNotSatisfiable","status":"True","type":"ResolutionFailed"}]

[INFO] RETRYING: Waiting for operator ibm-common-service-operator to be upgraded (120 left)
[DEBUG] oc get subscription.operators.coreos.com -l operators.coreos.com/ibm-common-service-operator.cp2400='' -n cp2400 -o jsonpath='{.items[*].status.conditions}' -> 
[{"lastTransitionTime":"2025-05-16T02:42:07Z","message":"all available catalogsources are healthy","reason":"AllCatalogSourcesHealthy","status":"False","type":"CatalogSourcesUnhealthy"},{"lastTransitionTime":"2025-05-15T21:08:56Z","reason":"ReferencedInstallPlanNotFound","status":"True","type":"InstallPlanMissing"},{"message":"constraints not satisfiable: subscription ibm-bts-operator exists, no operators found from catalog ibm-bts-operator-catalog-v3-35-1 in namespace cp2400 referenced by subscription ibm-bts-operator","reason":"ConstraintsNotSatisfiable","status":"True","type":"ResolutionFailed"}]

[INFO] RETRYING: Waiting for operator ibm-common-service-operator to be upgraded (119 left)
[DEBUG] oc get subscription.operators.coreos.com -l operators.coreos.com/ibm-common-service-operator.cp2400='' -n cp2400 -o jsonpath='{.items[*].status.conditions}' -> 
[{"lastTransitionTime":"2025-05-16T02:42:07Z","message":"all available catalogsources are healthy","reason":"AllCatalogSourcesHealthy","status":"False","type":"CatalogSourcesUnhealthy"},{"lastTransitionTime":"2025-05-15T21:08:56Z","reason":"ReferencedInstallPlanNotFound","status":"True","type":"InstallPlanMissing"},{"message":"constraints not satisfiable: subscription ibm-bts-operator exists, no operators found from catalog ibm-bts-operator-catalog-v3-35-1 in namespace cp2400 referenced by subscription ibm-bts-operator","reason":"ConstraintsNotSatisfiable","status":"True","type":"ResolutionFailed"}]

[INFO] RETRYING: Waiting for operator ibm-common-service-operator to be upgraded (118 left)
[DEBUG] oc get subscription.operators.coreos.com -l operators.coreos.com/ibm-common-service-operator.cp2400='' -n cp2400 -o jsonpath='{.items[*].status.conditions}' -> 
[{"lastTransitionTime":"2025-05-16T02:42:07Z","message":"all available catalogsources are healthy","reason":"AllCatalogSourcesHealthy","status":"False","type":"CatalogSourcesUnhealthy"},{"lastTransitionTime":"2025-05-15T21:08:56Z","reason":"ReferencedInstallPlanNotFound","status":"True","type":"InstallPlanMissing"},{"message":"constraints not satisfiable: subscription ibm-bts-operator exists, no operators found from catalog ibm-bts-operator-catalog-v3-35-1 in namespace cp2400 referenced by subscription ibm-bts-operator","reason":"ConstraintsNotSatisfiable","status":"True","type":"ResolutionFailed"}]

[INFO] RETRYING: Waiting for operator ibm-common-service-operator to be upgraded (117 left)
[DEBUG] oc get subscription.operators.coreos.com -l operators.coreos.com/ibm-common-service-operator.cp2400='' -n cp2400 -o jsonpath='{.items[*].status.conditions}' -> 
[{"lastTransitionTime":"2025-05-16T02:42:07Z","message":"all available catalogsources are healthy","reason":"AllCatalogSourcesHealthy","status":"False","type":"CatalogSourcesUnhealthy"},{"lastTransitionTime":"2025-05-15T21:08:56Z","reason":"ReferencedInstallPlanNotFound","status":"True","type":"InstallPlanMissing"},{"message":"constraints not satisfiable: subscription ibm-bts-operator exists, no operators found from catalog ibm-bts-operator-catalog-v3-35-1 in namespace cp2400 referenced by subscription ibm-bts-operator","reason":"ConstraintsNotSatisfiable","status":"True","type":"ResolutionFailed"}]

[INFO] RETRYING: Waiting for operator ibm-common-service-operator to be upgraded (116 left)
[DEBUG] oc get subscription.operators.coreos.com -l operators.coreos.com/ibm-common-service-operator.cp2400='' -n cp2400 -o jsonpath='{.items[*].status.conditions}' -> 
[{"lastTransitionTime":"2025-05-16T02:42:07Z","message":"all available catalogsources are healthy","reason":"AllCatalogSourcesHealthy","status":"False","type":"CatalogSourcesUnhealthy"},{"lastTransitionTime":"2025-05-15T21:08:56Z","reason":"ReferencedInstallPlanNotFound","status":"True","type":"InstallPlanMissing"},{"message":"constraints not satisfiable: subscription ibm-bts-operator exists, no operators found from catalog ibm-bts-operator-catalog-v3-35-1 in namespace cp2400 referenced by subscription ibm-bts-operator","reason":"ConstraintsNotSatisfiable","status":"True","type":"ResolutionFailed"}]

[INFO] RETRYING: Waiting for operator ibm-common-service-operator to be upgraded (115 left)
[DEBUG] oc get subscription.operators.coreos.com -l operators.coreos.com/ibm-common-service-operator.cp2400='' -n cp2400 -o jsonpath='{.items[*].status.conditions}' -> 
[{"lastTransitionTime":"2025-05-16T02:42:07Z","message":"all available catalogsources are healthy","reason":"AllCatalogSourcesHealthy","status":"False","type":"CatalogSourcesUnhealthy"},{"lastTransitionTime":"2025-05-15T21:08:56Z","reason":"ReferencedInstallPlanNotFound","status":"True","type":"InstallPlanMissing"},{"message":"constraints not satisfiable: subscription ibm-bts-operator exists, no operators found from catalog ibm-bts-operator-catalog-v3-35-1 in namespace cp2400 referenced by subscription ibm-bts-operator","reason":"ConstraintsNotSatisfiable","status":"True","type":"ResolutionFailed"}]

[INFO] RETRYING: Waiting for operator ibm-common-service-operator to be upgraded (114 left)
[DEBUG] oc get subscription.operators.coreos.com -l operators.coreos.com/ibm-common-service-operator.cp2400='' -n cp2400 -o jsonpath='{.items[*].status.conditions}' -> 
[{"lastTransitionTime":"2025-05-16T02:42:07Z","message":"all available catalogsources are healthy","reason":"AllCatalogSourcesHealthy","status":"False","type":"CatalogSourcesUnhealthy"},{"lastTransitionTime":"2025-05-15T21:08:56Z","reason":"ReferencedInstallPlanNotFound","status":"True","type":"InstallPlanMissing"},{"message":"constraints not satisfiable: subscription ibm-bts-operator exists, no operators found from catalog ibm-bts-operator-catalog-v3-35-1 in namespace cp2400 referenced by subscription ibm-bts-operator","reason":"ConstraintsNotSatisfiable","status":"True","type":"ResolutionFailed"}]

[INFO] RETRYING: Waiting for operator ibm-common-service-operator to be upgraded (113 left)
[DEBUG] oc get subscription.operators.coreos.com -l operators.coreos.com/ibm-common-service-operator.cp2400='' -n cp2400 -o jsonpath='{.items[*].status.conditions}' -> 
[{"lastTransitionTime":"2025-05-16T02:42:07Z","message":"all available catalogsources are healthy","reason":"AllCatalogSourcesHealthy","status":"False","type":"CatalogSourcesUnhealthy"},{"lastTransitionTime":"2025-05-15T21:08:56Z","reason":"ReferencedInstallPlanNotFound","status":"True","type":"InstallPlanMissing"},{"message":"constraints not satisfiable: subscription ibm-bts-operator exists, no operators found from catalog ibm-bts-operator-catalog-v3-35-1 in namespace cp2400 referenced by subscription ibm-bts-operator","reason":"ConstraintsNotSatisfiable","status":"True","type":"ResolutionFailed"}]

[INFO] RETRYING: Waiting for operator ibm-common-service-operator to be upgraded (112 left)
[DEBUG] oc get subscription.operators.coreos.com -l operators.coreos.com/ibm-common-service-operator.cp2400='' -n cp2400 -o jsonpath='{.items[*].status.conditions}' -> 
[{"lastTransitionTime":"2025-05-16T02:42:07Z","message":"all available catalogsources are healthy","reason":"AllCatalogSourcesHealthy","status":"False","type":"CatalogSourcesUnhealthy"},{"lastTransitionTime":"2025-05-15T21:08:56Z","reason":"ReferencedInstallPlanNotFound","status":"True","type":"InstallPlanMissing"},{"message":"constraints not satisfiable: subscription ibm-bts-operator exists, no operators found from catalog ibm-bts-operator-catalog-v3-35-1 in namespace cp2400 referenced by subscription ibm-bts-operator","reason":"ConstraintsNotSatisfiable","status":"True","type":"ResolutionFailed"}]

[INFO] RETRYING: Waiting for operator ibm-common-service-operator to be upgraded (111 left)
[DEBUG] oc get subscription.operators.coreos.com -l operators.coreos.com/ibm-common-service-operator.cp2400='' -n cp2400 -o jsonpath='{.items[*].status.conditions}' -> 
[{"lastTransitionTime":"2025-05-16T02:42:07Z","message":"all available catalogsources are healthy","reason":"AllCatalogSourcesHealthy","status":"False","type":"CatalogSourcesUnhealthy"},{"lastTransitionTime":"2025-05-15T21:08:56Z","reason":"ReferencedInstallPlanNotFound","status":"True","type":"InstallPlanMissing"},{"message":"constraints not satisfiable: subscription ibm-bts-operator exists, no operators found from catalog ibm-bts-operator-catalog-v3-35-1 in namespace cp2400 referenced by subscription ibm-bts-operator","reason":"ConstraintsNotSatisfiable","status":"True","type":"ResolutionFailed"}]

[INFO] RETRYING: Waiting for operator ibm-common-service-operator to be upgraded (110 left)
[DEBUG] oc get subscription.operators.coreos.com -l operators.coreos.com/ibm-common-service-operator.cp2400='' -n cp2400 -o jsonpath='{.items[*].status.conditions}' -> 
[{"lastTransitionTime":"2025-05-16T02:42:07Z","message":"all available catalogsources are healthy","reason":"AllCatalogSourcesHealthy","status":"False","type":"CatalogSourcesUnhealthy"},{"lastTransitionTime":"2025-05-15T21:08:56Z","reason":"ReferencedInstallPlanNotFound","status":"True","type":"InstallPlanMissing"},{"message":"constraints not satisfiable: subscription ibm-bts-operator exists, no operators found from catalog ibm-bts-operator-catalog-v3-35-1 in namespace cp2400 referenced by subscription ibm-bts-operator","reason":"ConstraintsNotSatisfiable","status":"True","type":"ResolutionFailed"}]

[INFO] RETRYING: Waiting for operator ibm-common-service-operator to be upgraded (109 left)
[DEBUG] oc get subscription.operators.coreos.com -l operators.coreos.com/ibm-common-service-operator.cp2400='' -n cp2400 -o jsonpath='{.items[*].status.conditions}' -> 
[{"lastTransitionTime":"2025-05-16T02:42:07Z","message":"all available catalogsources are healthy","reason":"AllCatalogSourcesHealthy","status":"False","type":"CatalogSourcesUnhealthy"},{"lastTransitionTime":"2025-05-15T21:08:56Z","reason":"ReferencedInstallPlanNotFound","status":"True","type":"InstallPlanMissing"},{"message":"constraints not satisfiable: subscription ibm-bts-operator exists, no operators found from catalog ibm-bts-operator-catalog-v3-35-1 in namespace cp2400 referenced by subscription ibm-bts-operator","reason":"ConstraintsNotSatisfiable","status":"True","type":"ResolutionFailed"}]

[INFO] RETRYING: Waiting for operator ibm-common-service-operator to be upgraded (108 left)
[DEBUG] oc get subscription.operators.coreos.com -l operators.coreos.com/ibm-common-service-operator.cp2400='' -n cp2400 -o jsonpath='{.items[*].status.conditions}' -> 
[{"lastTransitionTime":"2025-05-16T02:42:07Z","message":"all available catalogsources are healthy","reason":"AllCatalogSourcesHealthy","status":"False","type":"CatalogSourcesUnhealthy"},{"lastTransitionTime":"2025-05-15T21:08:56Z","reason":"ReferencedInstallPlanNotFound","status":"True","type":"InstallPlanMissing"},{"message":"constraints not satisfiable: subscription ibm-bts-operator exists, no operators found from catalog ibm-bts-operator-catalog-v3-35-1 in namespace cp2400 referenced by subscription ibm-bts-operator","reason":"ConstraintsNotSatisfiable","status":"True","type":"ResolutionFailed"}]

[INFO] RETRYING: Waiting for operator ibm-common-service-operator to be upgraded (107 left)
[DEBUG] oc get subscription.operators.coreos.com -l operators.coreos.com/ibm-common-service-operator.cp2400='' -n cp2400 -o jsonpath='{.items[*].status.conditions}' -> 
[{"lastTransitionTime":"2025-05-16T02:42:07Z","message":"all available catalogsources are healthy","reason":"AllCatalogSourcesHealthy","status":"False","type":"CatalogSourcesUnhealthy"},{"lastTransitionTime":"2025-05-15T21:08:56Z","reason":"ReferencedInstallPlanNotFound","status":"True","type":"InstallPlanMissing"},{"message":"constraints not satisfiable: subscription ibm-bts-operator exists, no operators found from catalog ibm-bts-operator-catalog-v3-35-1 in namespace cp2400 referenced by subscription ibm-bts-operator","reason":"ConstraintsNotSatisfiable","status":"True","type":"ResolutionFailed"}]

[INFO] RETRYING: Waiting for operator ibm-common-service-operator to be upgraded (106 left)
[DEBUG] oc get subscription.operators.coreos.com -l operators.coreos.com/ibm-common-service-operator.cp2400='' -n cp2400 -o jsonpath='{.items[*].status.conditions}' -> 
[{"lastTransitionTime":"2025-05-16T02:42:07Z","message":"all available catalogsources are healthy","reason":"AllCatalogSourcesHealthy","status":"False","type":"CatalogSourcesUnhealthy"},{"lastTransitionTime":"2025-05-15T21:08:56Z","reason":"ReferencedInstallPlanNotFound","status":"True","type":"InstallPlanMissing"},{"message":"constraints not satisfiable: subscription ibm-bts-operator exists, no operators found from catalog ibm-bts-operator-catalog-v3-35-1 in namespace cp2400 referenced by subscription ibm-bts-operator","reason":"ConstraintsNotSatisfiable","status":"True","type":"ResolutionFailed"}]

[INFO] RETRYING: Waiting for operator ibm-common-service-operator to be upgraded (105 left)
[DEBUG] oc get subscription.operators.coreos.com -l operators.coreos.com/ibm-common-service-operator.cp2400='' -n cp2400 -o jsonpath='{.items[*].status.conditions}' -> 
[{"lastTransitionTime":"2025-05-16T02:42:07Z","message":"all available catalogsources are healthy","reason":"AllCatalogSourcesHealthy","status":"False","type":"CatalogSourcesUnhealthy"},{"lastTransitionTime":"2025-05-15T21:08:56Z","reason":"ReferencedInstallPlanNotFound","status":"True","type":"InstallPlanMissing"},{"message":"constraints not satisfiable: subscription ibm-bts-operator exists, no operators found from catalog ibm-bts-operator-catalog-v3-35-1 in namespace cp2400 referenced by subscription ibm-bts-operator","reason":"ConstraintsNotSatisfiable","status":"True","type":"ResolutionFailed"}]

[INFO] RETRYING: Waiting for operator ibm-common-service-operator to be upgraded (104 left)
[DEBUG] oc get subscription.operators.coreos.com -l operators.coreos.com/ibm-common-service-operator.cp2400='' -n cp2400 -o jsonpath='{.items[*].status.conditions}' -> 
[{"lastTransitionTime":"2025-05-16T02:42:07Z","message":"all available catalogsources are healthy","reason":"AllCatalogSourcesHealthy","status":"False","type":"CatalogSourcesUnhealthy"},{"lastTransitionTime":"2025-05-15T21:08:56Z","reason":"ReferencedInstallPlanNotFound","status":"True","type":"InstallPlanMissing"},{"message":"constraints not satisfiable: subscription ibm-bts-operator exists, no operators found from catalog ibm-bts-operator-catalog-v3-35-1 in namespace cp2400 referenced by subscription ibm-bts-operator","reason":"ConstraintsNotSatisfiable","status":"True","type":"ResolutionFailed"}]

[INFO] RETRYING: Waiting for operator ibm-common-service-operator to be upgraded (103 left)
[DEBUG] oc get subscription.operators.coreos.com -l operators.coreos.com/ibm-common-service-operator.cp2400='' -n cp2400 -o jsonpath='{.items[*].status.conditions}' -> 
[{"lastTransitionTime":"2025-05-16T02:42:07Z","message":"all available catalogsources are healthy","reason":"AllCatalogSourcesHealthy","status":"False","type":"CatalogSourcesUnhealthy"},{"lastTransitionTime":"2025-05-15T21:08:56Z","reason":"ReferencedInstallPlanNotFound","status":"True","type":"InstallPlanMissing"},{"message":"constraints not satisfiable: subscription ibm-bts-operator exists, no operators found from catalog ibm-bts-operator-catalog-v3-35-1 in namespace cp2400 referenced by subscription ibm-bts-operator","reason":"ConstraintsNotSatisfiable","status":"True","type":"ResolutionFailed"}]

[INFO] RETRYING: Waiting for operator ibm-common-service-operator to be upgraded (102 left)
[DEBUG] oc get subscription.operators.coreos.com -l operators.coreos.com/ibm-common-service-operator.cp2400='' -n cp2400 -o jsonpath='{.items[*].status.conditions}' -> 
[{"lastTransitionTime":"2025-05-16T02:42:07Z","message":"all available catalogsources are healthy","reason":"AllCatalogSourcesHealthy","status":"False","type":"CatalogSourcesUnhealthy"},{"lastTransitionTime":"2025-05-15T21:08:56Z","reason":"ReferencedInstallPlanNotFound","status":"True","type":"InstallPlanMissing"},{"message":"constraints not satisfiable: subscription ibm-bts-operator exists, no operators found from catalog ibm-bts-operator-catalog-v3-35-1 in namespace cp2400 referenced by subscription ibm-bts-operator","reason":"ConstraintsNotSatisfiable","status":"True","type":"ResolutionFailed"}]

[INFO] RETRYING: Waiting for operator ibm-common-service-operator to be upgraded (101 left)
[DEBUG] oc get subscription.operators.coreos.com -l operators.coreos.com/ibm-common-service-operator.cp2400='' -n cp2400 -o jsonpath='{.items[*].status.conditions}' -> 
[{"lastTransitionTime":"2025-05-16T02:42:07Z","message":"all available catalogsources are healthy","reason":"AllCatalogSourcesHealthy","status":"False","type":"CatalogSourcesUnhealthy"},{"lastTransitionTime":"2025-05-15T21:08:56Z","reason":"ReferencedInstallPlanNotFound","status":"True","type":"InstallPlanMissing"},{"message":"constraints not satisfiable: no operators found from catalog ibm-bts-operator-catalog-v3-35-1 in namespace cp2400 referenced by subscription ibm-bts-operator, subscription ibm-bts-operator exists","reason":"ConstraintsNotSatisfiable","status":"True","type":"ResolutionFailed"}]

[INFO] RETRYING: Waiting for operator ibm-common-service-operator to be upgraded (100 left)
[DEBUG] oc get subscription.operators.coreos.com -l operators.coreos.com/ibm-common-service-operator.cp2400='' -n cp2400 -o jsonpath='{.items[*].status.conditions}' -> 
[{"lastTransitionTime":"2025-05-16T02:42:07Z","message":"all available catalogsources are healthy","reason":"AllCatalogSourcesHealthy","status":"False","type":"CatalogSourcesUnhealthy"},{"lastTransitionTime":"2025-05-15T21:08:56Z","reason":"ReferencedInstallPlanNotFound","status":"True","type":"InstallPlanMissing"},{"message":"constraints not satisfiable: no operators found from catalog ibm-bts-operator-catalog-v3-35-1 in namespace cp2400 referenced by subscription ibm-bts-operator, subscription ibm-bts-operator exists","reason":"ConstraintsNotSatisfiable","status":"True","type":"ResolutionFailed"}]

[INFO] RETRYING: Waiting for operator ibm-common-service-operator to be upgraded (99 left)
[DEBUG] oc get subscription.operators.coreos.com -l operators.coreos.com/ibm-common-service-operator.cp2400='' -n cp2400 -o jsonpath='{.items[*].status.conditions}' -> 
[{"lastTransitionTime":"2025-05-16T02:42:07Z","message":"all available catalogsources are healthy","reason":"AllCatalogSourcesHealthy","status":"False","type":"CatalogSourcesUnhealthy"},{"lastTransitionTime":"2025-05-15T21:08:56Z","reason":"ReferencedInstallPlanNotFound","status":"True","type":"InstallPlanMissing"},{"message":"constraints not satisfiable: no operators found from catalog ibm-bts-operator-catalog-v3-35-1 in namespace cp2400 referenced by subscription ibm-bts-operator, subscription ibm-bts-operator exists","reason":"ConstraintsNotSatisfiable","status":"True","type":"ResolutionFailed"}]

[INFO] RETRYING: Waiting for operator ibm-common-service-operator to be upgraded (98 left)
[DEBUG] oc get subscription.operators.coreos.com -l operators.coreos.com/ibm-common-service-operator.cp2400='' -n cp2400 -o jsonpath='{.items[*].status.conditions}' -> 
[{"lastTransitionTime":"2025-05-16T02:42:07Z","message":"all available catalogsources are healthy","reason":"AllCatalogSourcesHealthy","status":"False","type":"CatalogSourcesUnhealthy"},{"lastTransitionTime":"2025-05-15T21:08:56Z","reason":"ReferencedInstallPlanNotFound","status":"True","type":"InstallPlanMissing"},{"message":"constraints not satisfiable: no operators found from catalog ibm-bts-operator-catalog-v3-35-1 in namespace cp2400 referenced by subscription ibm-bts-operator, subscription ibm-bts-operator exists","reason":"ConstraintsNotSatisfiable","status":"True","type":"ResolutionFailed"}]

[INFO] RETRYING: Waiting for operator ibm-common-service-operator to be upgraded (97 left)
[DEBUG] oc get subscription.operators.coreos.com -l operators.coreos.com/ibm-common-service-operator.cp2400='' -n cp2400 -o jsonpath='{.items[*].status.conditions}' -> 
[{"lastTransitionTime":"2025-05-16T02:42:07Z","message":"all available catalogsources are healthy","reason":"AllCatalogSourcesHealthy","status":"False","type":"CatalogSourcesUnhealthy"},{"lastTransitionTime":"2025-05-15T21:08:56Z","reason":"ReferencedInstallPlanNotFound","status":"True","type":"InstallPlanMissing"},{"message":"constraints not satisfiable: no operators found from catalog ibm-bts-operator-catalog-v3-35-1 in namespace cp2400 referenced by subscription ibm-bts-operator, subscription ibm-bts-operator exists","reason":"ConstraintsNotSatisfiable","status":"True","type":"ResolutionFailed"}]

[INFO] RETRYING: Waiting for operator ibm-common-service-operator to be upgraded (96 left)
[DEBUG] oc get subscription.operators.coreos.com -l operators.coreos.com/ibm-common-service-operator.cp2400='' -n cp2400 -o jsonpath='{.items[*].status.conditions}' -> 
[{"lastTransitionTime":"2025-05-16T02:42:07Z","message":"all available catalogsources are healthy","reason":"AllCatalogSourcesHealthy","status":"False","type":"CatalogSourcesUnhealthy"},{"lastTransitionTime":"2025-05-15T21:08:56Z","reason":"ReferencedInstallPlanNotFound","status":"True","type":"InstallPlanMissing"},{"message":"constraints not satisfiable: no operators found from catalog ibm-bts-operator-catalog-v3-35-1 in namespace cp2400 referenced by subscription ibm-bts-operator, subscription ibm-bts-operator exists","reason":"ConstraintsNotSatisfiable","status":"True","type":"ResolutionFailed"}]

[INFO] RETRYING: Waiting for operator ibm-common-service-operator to be upgraded (95 left)
[DEBUG] oc get subscription.operators.coreos.com -l operators.coreos.com/ibm-common-service-operator.cp2400='' -n cp2400 -o jsonpath='{.items[*].status.conditions}' -> 
[{"lastTransitionTime":"2025-05-16T02:42:07Z","message":"all available catalogsources are healthy","reason":"AllCatalogSourcesHealthy","status":"False","type":"CatalogSourcesUnhealthy"},{"lastTransitionTime":"2025-05-15T21:08:56Z","reason":"ReferencedInstallPlanNotFound","status":"True","type":"InstallPlanMissing"},{"message":"constraints not satisfiable: no operators found from catalog ibm-bts-operator-catalog-v3-35-1 in namespace cp2400 referenced by subscription ibm-bts-operator, subscription ibm-bts-operator exists","reason":"ConstraintsNotSatisfiable","status":"True","type":"ResolutionFailed"}]

[INFO] RETRYING: Waiting for operator ibm-common-service-operator to be upgraded (94 left)
[DEBUG] oc get subscription.operators.coreos.com -l operators.coreos.com/ibm-common-service-operator.cp2400='' -n cp2400 -o jsonpath='{.items[*].status.conditions}' -> 
[{"lastTransitionTime":"2025-05-16T02:42:07Z","message":"all available catalogsources are healthy","reason":"AllCatalogSourcesHealthy","status":"False","type":"CatalogSourcesUnhealthy"},{"lastTransitionTime":"2025-05-15T21:08:56Z","reason":"ReferencedInstallPlanNotFound","status":"True","type":"InstallPlanMissing"},{"message":"constraints not satisfiable: no operators found from catalog ibm-bts-operator-catalog-v3-35-1 in namespace cp2400 referenced by subscription ibm-bts-operator, subscription ibm-bts-operator exists","reason":"ConstraintsNotSatisfiable","status":"True","type":"ResolutionFailed"}]

[INFO] RETRYING: Waiting for operator ibm-common-service-operator to be upgraded (93 left)
[DEBUG] oc get subscription.operators.coreos.com -l operators.coreos.com/ibm-common-service-operator.cp2400='' -n cp2400 -o jsonpath='{.items[*].status.conditions}' -> 
[{"lastTransitionTime":"2025-05-16T02:42:07Z","message":"all available catalogsources are healthy","reason":"AllCatalogSourcesHealthy","status":"False","type":"CatalogSourcesUnhealthy"},{"lastTransitionTime":"2025-05-15T21:08:56Z","reason":"ReferencedInstallPlanNotFound","status":"True","type":"InstallPlanMissing"},{"message":"constraints not satisfiable: no operators found from catalog ibm-bts-operator-catalog-v3-35-1 in namespace cp2400 referenced by subscription ibm-bts-operator, subscription ibm-bts-operator exists","reason":"ConstraintsNotSatisfiable","status":"True","type":"ResolutionFailed"}]

[INFO] RETRYING: Waiting for operator ibm-common-service-operator to be upgraded (92 left)
[DEBUG] oc get subscription.operators.coreos.com -l operators.coreos.com/ibm-common-service-operator.cp2400='' -n cp2400 -o jsonpath='{.items[*].status.conditions}' -> 
[{"lastTransitionTime":"2025-05-16T02:42:07Z","message":"all available catalogsources are healthy","reason":"AllCatalogSourcesHealthy","status":"False","type":"CatalogSourcesUnhealthy"},{"lastTransitionTime":"2025-05-15T21:08:56Z","reason":"ReferencedInstallPlanNotFound","status":"True","type":"InstallPlanMissing"},{"message":"constraints not satisfiable: no operators found from catalog ibm-bts-operator-catalog-v3-35-1 in namespace cp2400 referenced by subscription ibm-bts-operator, subscription ibm-bts-operator exists","reason":"ConstraintsNotSatisfiable","status":"True","type":"ResolutionFailed"}]

[INFO] RETRYING: Waiting for operator ibm-common-service-operator to be upgraded (91 left)
[DEBUG] oc get subscription.operators.coreos.com -l operators.coreos.com/ibm-common-service-operator.cp2400='' -n cp2400 -o jsonpath='{.items[*].status.conditions}' -> 
[{"lastTransitionTime":"2025-05-16T02:42:07Z","message":"all available catalogsources are healthy","reason":"AllCatalogSourcesHealthy","status":"False","type":"CatalogSourcesUnhealthy"},{"lastTransitionTime":"2025-05-15T21:08:56Z","reason":"ReferencedInstallPlanNotFound","status":"True","type":"InstallPlanMissing"},{"message":"constraints not satisfiable: no operators found from catalog ibm-bts-operator-catalog-v3-35-1 in namespace cp2400 referenced by subscription ibm-bts-operator, subscription ibm-bts-operator exists","reason":"ConstraintsNotSatisfiable","status":"True","type":"ResolutionFailed"}]

[INFO] RETRYING: Waiting for operator ibm-common-service-operator to be upgraded (90 left)
[DEBUG] oc get subscription.operators.coreos.com -l operators.coreos.com/ibm-common-service-operator.cp2400='' -n cp2400 -o jsonpath='{.items[*].status.conditions}' -> 
[{"lastTransitionTime":"2025-05-16T02:42:07Z","message":"all available catalogsources are healthy","reason":"AllCatalogSourcesHealthy","status":"False","type":"CatalogSourcesUnhealthy"},{"lastTransitionTime":"2025-05-15T21:08:56Z","reason":"ReferencedInstallPlanNotFound","status":"True","type":"InstallPlanMissing"},{"message":"constraints not satisfiable: no operators found from catalog ibm-bts-operator-catalog-v3-35-1 in namespace cp2400 referenced by subscription ibm-bts-operator, subscription ibm-bts-operator exists","reason":"ConstraintsNotSatisfiable","status":"True","type":"ResolutionFailed"}]

[INFO] RETRYING: Waiting for operator ibm-common-service-operator to be upgraded (89 left)
[DEBUG] oc get subscription.operators.coreos.com -l operators.coreos.com/ibm-common-service-operator.cp2400='' -n cp2400 -o jsonpath='{.items[*].status.conditions}' -> 
[{"lastTransitionTime":"2025-05-16T02:42:07Z","message":"all available catalogsources are healthy","reason":"AllCatalogSourcesHealthy","status":"False","type":"CatalogSourcesUnhealthy"},{"lastTransitionTime":"2025-05-15T21:08:56Z","reason":"ReferencedInstallPlanNotFound","status":"True","type":"InstallPlanMissing"},{"message":"constraints not satisfiable: no operators found from catalog ibm-bts-operator-catalog-v3-35-1 in namespace cp2400 referenced by subscription ibm-bts-operator, subscription ibm-bts-operator exists","reason":"ConstraintsNotSatisfiable","status":"True","type":"ResolutionFailed"}]

[INFO] RETRYING: Waiting for operator ibm-common-service-operator to be upgraded (88 left)
[DEBUG] oc get subscription.operators.coreos.com -l operators.coreos.com/ibm-common-service-operator.cp2400='' -n cp2400 -o jsonpath='{.items[*].status.conditions}' -> 
[{"lastTransitionTime":"2025-05-16T02:42:07Z","message":"all available catalogsources are healthy","reason":"AllCatalogSourcesHealthy","status":"False","type":"CatalogSourcesUnhealthy"},{"lastTransitionTime":"2025-05-15T21:08:56Z","reason":"ReferencedInstallPlanNotFound","status":"True","type":"InstallPlanMissing"},{"message":"constraints not satisfiable: subscription ibm-bts-operator exists, no operators found from catalog ibm-bts-operator-catalog-v3-35-1 in namespace cp2400 referenced by subscription ibm-bts-operator","reason":"ConstraintsNotSatisfiable","status":"True","type":"ResolutionFailed"}]

[INFO] RETRYING: Waiting for operator ibm-common-service-operator to be upgraded (87 left)
[DEBUG] oc get subscription.operators.coreos.com -l operators.coreos.com/ibm-common-service-operator.cp2400='' -n cp2400 -o jsonpath='{.items[*].status.conditions}' -> 
[{"lastTransitionTime":"2025-05-16T02:42:07Z","message":"all available catalogsources are healthy","reason":"AllCatalogSourcesHealthy","status":"False","type":"CatalogSourcesUnhealthy"},{"lastTransitionTime":"2025-05-15T21:08:56Z","reason":"ReferencedInstallPlanNotFound","status":"True","type":"InstallPlanMissing"},{"message":"constraints not satisfiable: subscription ibm-bts-operator exists, no operators found from catalog ibm-bts-operator-catalog-v3-35-1 in namespace cp2400 referenced by subscription ibm-bts-operator","reason":"ConstraintsNotSatisfiable","status":"True","type":"ResolutionFailed"}]

[INFO] RETRYING: Waiting for operator ibm-common-service-operator to be upgraded (86 left)
[DEBUG] oc get subscription.operators.coreos.com -l operators.coreos.com/ibm-common-service-operator.cp2400='' -n cp2400 -o jsonpath='{.items[*].status.conditions}' -> 
[{"lastTransitionTime":"2025-05-16T02:42:07Z","message":"all available catalogsources are healthy","reason":"AllCatalogSourcesHealthy","status":"False","type":"CatalogSourcesUnhealthy"},{"lastTransitionTime":"2025-05-15T21:08:56Z","reason":"ReferencedInstallPlanNotFound","status":"True","type":"InstallPlanMissing"},{"message":"constraints not satisfiable: subscription ibm-bts-operator exists, no operators found from catalog ibm-bts-operator-catalog-v3-35-1 in namespace cp2400 referenced by subscription ibm-bts-operator","reason":"ConstraintsNotSatisfiable","status":"True","type":"ResolutionFailed"}]

[INFO] RETRYING: Waiting for operator ibm-common-service-operator to be upgraded (85 left)
[DEBUG] oc get subscription.operators.coreos.com -l operators.coreos.com/ibm-common-service-operator.cp2400='' -n cp2400 -o jsonpath='{.items[*].status.conditions}' -> 
[{"lastTransitionTime":"2025-05-16T02:42:07Z","message":"all available catalogsources are healthy","reason":"AllCatalogSourcesHealthy","status":"False","type":"CatalogSourcesUnhealthy"},{"lastTransitionTime":"2025-05-15T21:08:56Z","reason":"ReferencedInstallPlanNotFound","status":"True","type":"InstallPlanMissing"},{"message":"constraints not satisfiable: subscription ibm-bts-operator exists, no operators found from catalog ibm-bts-operator-catalog-v3-35-1 in namespace cp2400 referenced by subscription ibm-bts-operator","reason":"ConstraintsNotSatisfiable","status":"True","type":"ResolutionFailed"}]

[INFO] RETRYING: Waiting for operator ibm-common-service-operator to be upgraded (84 left)
[DEBUG] oc get subscription.operators.coreos.com -l operators.coreos.com/ibm-common-service-operator.cp2400='' -n cp2400 -o jsonpath='{.items[*].status.conditions}' -> 
[{"lastTransitionTime":"2025-05-16T02:42:07Z","message":"all available catalogsources are healthy","reason":"AllCatalogSourcesHealthy","status":"False","type":"CatalogSourcesUnhealthy"},{"lastTransitionTime":"2025-05-15T21:08:56Z","reason":"ReferencedInstallPlanNotFound","status":"True","type":"InstallPlanMissing"},{"message":"constraints not satisfiable: subscription ibm-bts-operator exists, no operators found from catalog ibm-bts-operator-catalog-v3-35-1 in namespace cp2400 referenced by subscription ibm-bts-operator","reason":"ConstraintsNotSatisfiable","status":"True","type":"ResolutionFailed"}]

[INFO] RETRYING: Waiting for operator ibm-common-service-operator to be upgraded (83 left)
[DEBUG] oc get subscription.operators.coreos.com -l operators.coreos.com/ibm-common-service-operator.cp2400='' -n cp2400 -o jsonpath='{.items[*].status.conditions}' -> 
[{"lastTransitionTime":"2025-05-16T02:42:07Z","message":"all available catalogsources are healthy","reason":"AllCatalogSourcesHealthy","status":"False","type":"CatalogSourcesUnhealthy"},{"lastTransitionTime":"2025-05-15T21:08:56Z","reason":"ReferencedInstallPlanNotFound","status":"True","type":"InstallPlanMissing"},{"message":"constraints not satisfiable: subscription ibm-bts-operator exists, no operators found from catalog ibm-bts-operator-catalog-v3-35-1 in namespace cp2400 referenced by subscription ibm-bts-operator","reason":"ConstraintsNotSatisfiable","status":"True","type":"ResolutionFailed"}]

[INFO] RETRYING: Waiting for operator ibm-common-service-operator to be upgraded (82 left)
[DEBUG] oc get subscription.operators.coreos.com -l operators.coreos.com/ibm-common-service-operator.cp2400='' -n cp2400 -o jsonpath='{.items[*].status.conditions}' -> 
[{"lastTransitionTime":"2025-05-16T02:42:07Z","message":"all available catalogsources are healthy","reason":"AllCatalogSourcesHealthy","status":"False","type":"CatalogSourcesUnhealthy"},{"lastTransitionTime":"2025-05-15T21:08:56Z","reason":"ReferencedInstallPlanNotFound","status":"True","type":"InstallPlanMissing"},{"message":"constraints not satisfiable: subscription ibm-bts-operator exists, no operators found from catalog ibm-bts-operator-catalog-v3-35-1 in namespace cp2400 referenced by subscription ibm-bts-operator","reason":"ConstraintsNotSatisfiable","status":"True","type":"ResolutionFailed"}]

[INFO] RETRYING: Waiting for operator ibm-common-service-operator to be upgraded (81 left)
[DEBUG] oc get subscription.operators.coreos.com -l operators.coreos.com/ibm-common-service-operator.cp2400='' -n cp2400 -o jsonpath='{.items[*].status.conditions}' -> 
[{"lastTransitionTime":"2025-05-16T02:42:07Z","message":"all available catalogsources are healthy","reason":"AllCatalogSourcesHealthy","status":"False","type":"CatalogSourcesUnhealthy"},{"lastTransitionTime":"2025-05-15T21:08:56Z","reason":"ReferencedInstallPlanNotFound","status":"True","type":"InstallPlanMissing"},{"message":"constraints not satisfiable: subscription ibm-bts-operator exists, no operators found from catalog ibm-bts-operator-catalog-v3-35-1 in namespace cp2400 referenced by subscription ibm-bts-operator","reason":"ConstraintsNotSatisfiable","status":"True","type":"ResolutionFailed"}]

[INFO] RETRYING: Waiting for operator ibm-common-service-operator to be upgraded (80 left)
[DEBUG] oc get subscription.operators.coreos.com -l operators.coreos.com/ibm-common-service-operator.cp2400='' -n cp2400 -o jsonpath='{.items[*].status.conditions}' -> 
[{"lastTransitionTime":"2025-05-16T02:42:07Z","message":"all available catalogsources are healthy","reason":"AllCatalogSourcesHealthy","status":"False","type":"CatalogSourcesUnhealthy"},{"lastTransitionTime":"2025-05-15T21:08:56Z","reason":"ReferencedInstallPlanNotFound","status":"True","type":"InstallPlanMissing"},{"message":"constraints not satisfiable: subscription ibm-bts-operator exists, no operators found from catalog ibm-bts-operator-catalog-v3-35-1 in namespace cp2400 referenced by subscription ibm-bts-operator","reason":"ConstraintsNotSatisfiable","status":"True","type":"ResolutionFailed"}]

[INFO] RETRYING: Waiting for operator ibm-common-service-operator to be upgraded (79 left)
[DEBUG] oc get subscription.operators.coreos.com -l operators.coreos.com/ibm-common-service-operator.cp2400='' -n cp2400 -o jsonpath='{.items[*].status.conditions}' -> 
[{"lastTransitionTime":"2025-05-16T02:42:07Z","message":"all available catalogsources are healthy","reason":"AllCatalogSourcesHealthy","status":"False","type":"CatalogSourcesUnhealthy"},{"lastTransitionTime":"2025-05-15T21:08:56Z","reason":"ReferencedInstallPlanNotFound","status":"True","type":"InstallPlanMissing"},{"message":"constraints not satisfiable: subscription ibm-bts-operator exists, no operators found from catalog ibm-bts-operator-catalog-v3-35-1 in namespace cp2400 referenced by subscription ibm-bts-operator","reason":"ConstraintsNotSatisfiable","status":"True","type":"ResolutionFailed"}]

[INFO] RETRYING: Waiting for operator ibm-common-service-operator to be upgraded (78 left)
[DEBUG] oc get subscription.operators.coreos.com -l operators.coreos.com/ibm-common-service-operator.cp2400='' -n cp2400 -o jsonpath='{.items[*].status.conditions}' -> 
[{"lastTransitionTime":"2025-05-16T02:42:07Z","message":"all available catalogsources are healthy","reason":"AllCatalogSourcesHealthy","status":"False","type":"CatalogSourcesUnhealthy"},{"lastTransitionTime":"2025-05-15T21:08:56Z","reason":"ReferencedInstallPlanNotFound","status":"True","type":"InstallPlanMissing"},{"message":"constraints not satisfiable: subscription ibm-bts-operator exists, no operators found from catalog ibm-bts-operator-catalog-v3-35-1 in namespace cp2400 referenced by subscription ibm-bts-operator","reason":"ConstraintsNotSatisfiable","status":"True","type":"ResolutionFailed"}]

[INFO] RETRYING: Waiting for operator ibm-common-service-operator to be upgraded (77 left)
[DEBUG] oc get subscription.operators.coreos.com -l operators.coreos.com/ibm-common-service-operator.cp2400='' -n cp2400 -o jsonpath='{.items[*].status.conditions}' -> 
[{"lastTransitionTime":"2025-05-16T02:42:07Z","message":"all available catalogsources are healthy","reason":"AllCatalogSourcesHealthy","status":"False","type":"CatalogSourcesUnhealthy"},{"lastTransitionTime":"2025-05-15T21:08:56Z","reason":"ReferencedInstallPlanNotFound","status":"True","type":"InstallPlanMissing"},{"message":"constraints not satisfiable: subscription ibm-bts-operator exists, no operators found from catalog ibm-bts-operator-catalog-v3-35-1 in namespace cp2400 referenced by subscription ibm-bts-operator","reason":"ConstraintsNotSatisfiable","status":"True","type":"ResolutionFailed"}]

[INFO] RETRYING: Waiting for operator ibm-common-service-operator to be upgraded (76 left)
[DEBUG] oc get subscription.operators.coreos.com -l operators.coreos.com/ibm-common-service-operator.cp2400='' -n cp2400 -o jsonpath='{.items[*].status.conditions}' -> 
[{"lastTransitionTime":"2025-05-16T02:42:07Z","message":"all available catalogsources are healthy","reason":"AllCatalogSourcesHealthy","status":"False","type":"CatalogSourcesUnhealthy"},{"lastTransitionTime":"2025-05-15T21:08:56Z","reason":"ReferencedInstallPlanNotFound","status":"True","type":"InstallPlanMissing"},{"message":"constraints not satisfiable: subscription ibm-bts-operator exists, no operators found from catalog ibm-bts-operator-catalog-v3-35-1 in namespace cp2400 referenced by subscription ibm-bts-operator","reason":"ConstraintsNotSatisfiable","status":"True","type":"ResolutionFailed"}]

[INFO] RETRYING: Waiting for operator ibm-common-service-operator to be upgraded (75 left)
[DEBUG] oc get subscription.operators.coreos.com -l operators.coreos.com/ibm-common-service-operator.cp2400='' -n cp2400 -o jsonpath='{.items[*].status.conditions}' -> 
[{"lastTransitionTime":"2025-05-16T02:42:07Z","message":"all available catalogsources are healthy","reason":"AllCatalogSourcesHealthy","status":"False","type":"CatalogSourcesUnhealthy"},{"lastTransitionTime":"2025-05-15T21:08:56Z","reason":"ReferencedInstallPlanNotFound","status":"True","type":"InstallPlanMissing"},{"message":"constraints not satisfiable: no operators found from catalog ibm-bts-operator-catalog-v3-35-1 in namespace cp2400 referenced by subscription ibm-bts-operator, subscription ibm-bts-operator exists","reason":"ConstraintsNotSatisfiable","status":"True","type":"ResolutionFailed"}]

[INFO] RETRYING: Waiting for operator ibm-common-service-operator to be upgraded (74 left)
[DEBUG] oc get subscription.operators.coreos.com -l operators.coreos.com/ibm-common-service-operator.cp2400='' -n cp2400 -o jsonpath='{.items[*].status.conditions}' -> 
[{"lastTransitionTime":"2025-05-16T02:42:07Z","message":"all available catalogsources are healthy","reason":"AllCatalogSourcesHealthy","status":"False","type":"CatalogSourcesUnhealthy"},{"lastTransitionTime":"2025-05-15T21:08:56Z","reason":"ReferencedInstallPlanNotFound","status":"True","type":"InstallPlanMissing"},{"message":"constraints not satisfiable: no operators found from catalog ibm-bts-operator-catalog-v3-35-1 in namespace cp2400 referenced by subscription ibm-bts-operator, subscription ibm-bts-operator exists","reason":"ConstraintsNotSatisfiable","status":"True","type":"ResolutionFailed"}]

[INFO] RETRYING: Waiting for operator ibm-common-service-operator to be upgraded (73 left)
[DEBUG] oc get subscription.operators.coreos.com -l operators.coreos.com/ibm-common-service-operator.cp2400='' -n cp2400 -o jsonpath='{.items[*].status.conditions}' -> 
[{"lastTransitionTime":"2025-05-16T02:42:07Z","message":"all available catalogsources are healthy","reason":"AllCatalogSourcesHealthy","status":"False","type":"CatalogSourcesUnhealthy"},{"lastTransitionTime":"2025-05-15T21:08:56Z","reason":"ReferencedInstallPlanNotFound","status":"True","type":"InstallPlanMissing"},{"message":"constraints not satisfiable: no operators found from catalog ibm-bts-operator-catalog-v3-35-1 in namespace cp2400 referenced by subscription ibm-bts-operator, subscription ibm-bts-operator exists","reason":"ConstraintsNotSatisfiable","status":"True","type":"ResolutionFailed"}]

[INFO] RETRYING: Waiting for operator ibm-common-service-operator to be upgraded (72 left)
[DEBUG] oc get subscription.operators.coreos.com -l operators.coreos.com/ibm-common-service-operator.cp2400='' -n cp2400 -o jsonpath='{.items[*].status.conditions}' -> 
[{"lastTransitionTime":"2025-05-16T02:42:07Z","message":"all available catalogsources are healthy","reason":"AllCatalogSourcesHealthy","status":"False","type":"CatalogSourcesUnhealthy"},{"lastTransitionTime":"2025-05-15T21:08:56Z","reason":"ReferencedInstallPlanNotFound","status":"True","type":"InstallPlanMissing"},{"message":"constraints not satisfiable: no operators found from catalog ibm-bts-operator-catalog-v3-35-1 in namespace cp2400 referenced by subscription ibm-bts-operator, subscription ibm-bts-operator exists","reason":"ConstraintsNotSatisfiable","status":"True","type":"ResolutionFailed"}]

[INFO] RETRYING: Waiting for operator ibm-common-service-operator to be upgraded (71 left)
[DEBUG] oc get subscription.operators.coreos.com -l operators.coreos.com/ibm-common-service-operator.cp2400='' -n cp2400 -o jsonpath='{.items[*].status.conditions}' -> 
[{"lastTransitionTime":"2025-05-16T02:42:07Z","message":"all available catalogsources are healthy","reason":"AllCatalogSourcesHealthy","status":"False","type":"CatalogSourcesUnhealthy"},{"lastTransitionTime":"2025-05-15T21:08:56Z","reason":"ReferencedInstallPlanNotFound","status":"True","type":"InstallPlanMissing"},{"message":"constraints not satisfiable: no operators found from catalog ibm-bts-operator-catalog-v3-35-1 in namespace cp2400 referenced by subscription ibm-bts-operator, subscription ibm-bts-operator exists","reason":"ConstraintsNotSatisfiable","status":"True","type":"ResolutionFailed"}]

[INFO] RETRYING: Waiting for operator ibm-common-service-operator to be upgraded (70 left)
[DEBUG] oc get subscription.operators.coreos.com -l operators.coreos.com/ibm-common-service-operator.cp2400='' -n cp2400 -o jsonpath='{.items[*].status.conditions}' -> 
[{"lastTransitionTime":"2025-05-16T02:42:07Z","message":"all available catalogsources are healthy","reason":"AllCatalogSourcesHealthy","status":"False","type":"CatalogSourcesUnhealthy"},{"lastTransitionTime":"2025-05-15T21:08:56Z","reason":"ReferencedInstallPlanNotFound","status":"True","type":"InstallPlanMissing"},{"message":"constraints not satisfiable: no operators found from catalog ibm-bts-operator-catalog-v3-35-1 in namespace cp2400 referenced by subscription ibm-bts-operator, subscription ibm-bts-operator exists","reason":"ConstraintsNotSatisfiable","status":"True","type":"ResolutionFailed"},{"reason":"UnpackingInProgress","status":"True","type":"BundleUnpacking"}]

[INFO] RETRYING: Waiting for operator ibm-common-service-operator to be upgraded (69 left)
[DEBUG] oc get subscription.operators.coreos.com -l operators.coreos.com/ibm-common-service-operator.cp2400='' -n cp2400 -o jsonpath='{.items[*].status.conditions}' -> 
[{"lastTransitionTime":"2025-05-16T02:42:07Z","message":"all available catalogsources are healthy","reason":"AllCatalogSourcesHealthy","status":"False","type":"CatalogSourcesUnhealthy"},{"lastTransitionTime":"2025-05-15T21:08:56Z","reason":"ReferencedInstallPlanNotFound","status":"True","type":"InstallPlanMissing"},{"message":"constraints not satisfiable: no operators found from catalog ibm-bts-operator-catalog-v3-35-1 in namespace cp2400 referenced by subscription ibm-bts-operator, subscription ibm-bts-operator exists","reason":"ConstraintsNotSatisfiable","status":"True","type":"ResolutionFailed"},{"reason":"UnpackingInProgress","status":"True","type":"BundleUnpacking"}]

[INFO] RETRYING: Waiting for operator ibm-common-service-operator to be upgraded (68 left)
[DEBUG] oc get subscription.operators.coreos.com -l operators.coreos.com/ibm-common-service-operator.cp2400='' -n cp2400 -o jsonpath='{.items[*].status.conditions}' -> 
[{"lastTransitionTime":"2025-05-16T02:42:07Z","message":"all available catalogsources are healthy","reason":"AllCatalogSourcesHealthy","status":"False","type":"CatalogSourcesUnhealthy"},{"lastTransitionTime":"2025-05-15T21:08:56Z","reason":"ReferencedInstallPlanNotFound","status":"True","type":"InstallPlanMissing"},{"message":"constraints not satisfiable: no operators found from catalog ibm-bts-operator-catalog-v3-35-1 in namespace cp2400 referenced by subscription ibm-bts-operator, subscription ibm-bts-operator exists","reason":"ConstraintsNotSatisfiable","status":"True","type":"ResolutionFailed"},{"reason":"UnpackingInProgress","status":"True","type":"BundleUnpacking"}]

[INFO] RETRYING: Waiting for operator ibm-common-service-operator to be upgraded (67 left)
[DEBUG] oc get subscription.operators.coreos.com -l operators.coreos.com/ibm-common-service-operator.cp2400='' -n cp2400 -o jsonpath='{.items[*].status.conditions}' -> 
[{"lastTransitionTime":"2025-05-16T02:42:07Z","message":"all available catalogsources are healthy","reason":"AllCatalogSourcesHealthy","status":"False","type":"CatalogSourcesUnhealthy"},{"lastTransitionTime":"2025-05-15T21:08:56Z","reason":"ReferencedInstallPlanNotFound","status":"True","type":"InstallPlanMissing"},{"message":"constraints not satisfiable: no operators found from catalog ibm-bts-operator-catalog-v3-35-1 in namespace cp2400 referenced by subscription ibm-bts-operator, subscription ibm-bts-operator exists","reason":"ConstraintsNotSatisfiable","status":"True","type":"ResolutionFailed"},{"reason":"UnpackingInProgress","status":"True","type":"BundleUnpacking"}]

[INFO] RETRYING: Waiting for operator ibm-common-service-operator to be upgraded (66 left)
[DEBUG] oc get subscription.operators.coreos.com -l operators.coreos.com/ibm-common-service-operator.cp2400='' -n cp2400 -o jsonpath='{.items[*].status.conditions}' -> 
[{"lastTransitionTime":"2025-05-16T02:42:07Z","message":"all available catalogsources are healthy","reason":"AllCatalogSourcesHealthy","status":"False","type":"CatalogSourcesUnhealthy"},{"reason":"UnpackingInProgress","status":"True","type":"BundleUnpacking"},{"lastTransitionTime":"2025-05-16T03:07:14Z","reason":"Installing","status":"True","type":"InstallPlanPending"}]

[INFO] RETRYING: Waiting for operator ibm-common-service-operator to be upgraded (65 left)
[✔] Operator ibm-common-service-operator is upgraded to latest version in channel v4.11

[INFO] Waiting for operator ibm-common-service-operator CSV in namespace cp2400 to be bound to Subscription
[✔] Operator ibm-common-service-operator CSV in namespace cp2400 is bound to Subscription

[INFO] Waiting for operator ibm-common-service-operator in namespace cp2400 to become available
[INFO] RETRYING: Waiting for operator ibm-common-service-operator in namespace cp2400 to become available (50 left)
[✔] Operator ibm-common-service-operator in namespace cp2400 is available

# Accepting license for commonservice common-service in namespace cp2400...
[✔] License accepted for commonservice common-service

[INFO] Waiting for operator ibm-odlm CSV in namespace cp2400 to be bound to Subscription
[✔] Operator ibm-odlm CSV in namespace cp2400 is bound to Subscription

[INFO] Waiting for operator operand-deployment-lifecycle-manager in namespace cp2400 to become available
[✔] Operator operand-deployment-lifecycle-manager in namespace cp2400 is available

[INFO] Waiting for CommonService CR common-service in cp2400 to be ready
[INFO] RETRYING: Waiting for CommonService CR common-service in cp2400 to be ready (150 left)
[INFO] RETRYING: Waiting for CommonService CR common-service in cp2400 to be ready (149 left)
[INFO] RETRYING: Waiting for CommonService CR common-service in cp2400 to be ready (148 left)
[INFO] RETRYING: Waiting for CommonService CR common-service in cp2400 to be ready (147 left)
[INFO] RETRYING: Waiting for CommonService CR common-service in cp2400 to be ready (146 left)
[INFO] RETRYING: Waiting for CommonService CR common-service in cp2400 to be ready (145 left)
[INFO] RETRYING: Waiting for CommonService CR common-service in cp2400 to be ready (144 left)
[INFO] RETRYING: Waiting for CommonService CR common-service in cp2400 to be ready (143 left)
[INFO] RETRYING: Waiting for CommonService CR common-service in cp2400 to be ready (142 left)
[INFO] RETRYING: Waiting for CommonService CR common-service in cp2400 to be ready (141 left)
[INFO] RETRYING: Waiting for CommonService CR common-service in cp2400 to be ready (140 left)
[INFO] RETRYING: Waiting for CommonService CR common-service in cp2400 to be ready (139 left)
[INFO] RETRYING: Waiting for CommonService CR common-service in cp2400 to be ready (138 left)
[INFO] RETRYING: Waiting for CommonService CR common-service in cp2400 to be ready (137 left)
[INFO] RETRYING: Waiting for CommonService CR common-service in cp2400 to be ready (136 left)
[INFO] RETRYING: Waiting for CommonService CR common-service in cp2400 to be ready (135 left)
[INFO] RETRYING: Waiting for CommonService CR common-service in cp2400 to be ready (134 left)
[INFO] RETRYING: Waiting for CommonService CR common-service in cp2400 to be ready (133 left)
[INFO] RETRYING: Waiting for CommonService CR common-service in cp2400 to be ready (132 left)
[INFO] RETRYING: Waiting for CommonService CR common-service in cp2400 to be ready (131 left)
[INFO] RETRYING: Waiting for CommonService CR common-service in cp2400 to be ready (130 left)
[INFO] RETRYING: Waiting for CommonService CR common-service in cp2400 to be ready (129 left)
[INFO] RETRYING: Waiting for CommonService CR common-service in cp2400 to be ready (128 left)
[INFO] RETRYING: Waiting for CommonService CR common-service in cp2400 to be ready (127 left)
[INFO] RETRYING: Waiting for CommonService CR common-service in cp2400 to be ready (126 left)
[INFO] RETRYING: Waiting for CommonService CR common-service in cp2400 to be ready (125 left)
[INFO] RETRYING: Waiting for CommonService CR common-service in cp2400 to be ready (124 left)
[INFO] RETRYING: Waiting for CommonService CR common-service in cp2400 to be ready (123 left)
[INFO] RETRYING: Waiting for CommonService CR common-service in cp2400 to be ready (122 left)
[INFO] RETRYING: Waiting for CommonService CR common-service in cp2400 to be ready (121 left)
[INFO] RETRYING: Waiting for CommonService CR common-service in cp2400 to be ready (120 left)
[INFO] RETRYING: Waiting for CommonService CR common-service in cp2400 to be ready (119 left)
[INFO] RETRYING: Waiting for CommonService CR common-service in cp2400 to be ready (118 left)
[INFO] RETRYING: Waiting for CommonService CR common-service in cp2400 to be ready (117 left)
[INFO] RETRYING: Waiting for CommonService CR common-service in cp2400 to be ready (116 left)
[INFO] RETRYING: Waiting for CommonService CR common-service in cp2400 to be ready (115 left)
[INFO] RETRYING: Waiting for CommonService CR common-service in cp2400 to be ready (114 left)
[INFO] RETRYING: Waiting for CommonService CR common-service in cp2400 to be ready (113 left)
[INFO] RETRYING: Waiting for CommonService CR common-service in cp2400 to be ready (112 left)
[INFO] RETRYING: Waiting for CommonService CR common-service in cp2400 to be ready (111 left)
[INFO] RETRYING: Waiting for CommonService CR common-service in cp2400 to be ready (110 left)
[INFO] RETRYING: Waiting for CommonService CR common-service in cp2400 to be ready (109 left)
[INFO] RETRYING: Waiting for CommonService CR common-service in cp2400 to be ready (108 left)
[INFO] RETRYING: Waiting for CommonService CR common-service in cp2400 to be ready (107 left)
[INFO] RETRYING: Waiting for CommonService CR common-service in cp2400 to be ready (106 left)
[INFO] RETRYING: Waiting for CommonService CR common-service in cp2400 to be ready (105 left)
[INFO] RETRYING: Waiting for CommonService CR common-service in cp2400 to be ready (104 left)
[INFO] RETRYING: Waiting for CommonService CR common-service in cp2400 to be ready (103 left)
[INFO] RETRYING: Waiting for CommonService CR common-service in cp2400 to be ready (102 left)
[INFO] RETRYING: Waiting for CommonService CR common-service in cp2400 to be ready (101 left)
[INFO] RETRYING: Waiting for CommonService CR common-service in cp2400 to be ready (100 left)
[INFO] RETRYING: Waiting for CommonService CR common-service in cp2400 to be ready (99 left)
[INFO] RETRYING: Waiting for CommonService CR common-service in cp2400 to be ready (98 left)
[✔] CommonService CR in cp2400 is in Succeeded Phase

