# Start to validate the parameters passed into script... 
[✔] oc command available
[✔] /Users/varunsriram/Documents/Work/CloudPak/CodeRepos/cert-kubernetes/scripts/cpfs/yq/macos/yq command available
[✔] oc command logged in as kube:admin
[✔] Channel v4.12 is valid
[INFO] ibm-common-service-operator subscription exists, it is upgrade scenario

[✔] Profile size is valid.
# Validate CatalogSource for operator ibm-common-service-operator in cp2400 namespace
[✔] CatalogSource ibm-cs-install-catalog-v4-12-0 from cp2400 CatalogSourceNamespace is available for ibm-common-service-operator in cp2400 namespace

# Checking whether Namespace cp2400 exist...
[✔] Namespace cp2400 already exists. Skip creating

# Checking whether Namespace cp2400runtime exist...
[✔] Namespace cp2400runtime already exists. Skip creating

# Checking whether OperatorGroup in cp2400 exist...
[✔] OperatorGroup already exists in cp2400. Skip creating

#  Checking whether Cert Manager exist...
#  Smoke test for Cert Manager existence...
[DEBUG] Creating Issuer test-issuer in namespace cp2400 .
[INFO] Creating following issuer:

apiVersion: cert-manager.io/v1
kind: Issuer
metadata:
  name: test-issuer
  namespace: cp2400
spec:
  selfSigned: {}

issuer.cert-manager.io/test-issuer created
[DEBUG] Creating Certificate test-certificate in namespace cp2400 .
[INFO] Creating following certificate:

apiVersion: cert-manager.io/v1
kind: Certificate
metadata:
  name: test-certificate
  namespace: cp2400
spec:
  commonName: test-certificate
  issuerRef:
    kind: Issuer
    name: test-issuer
  secretName: test-certificate-secret

certificate.cert-manager.io/test-certificate created
[INFO] Waiting for Issuer test-issuer in namespace cp2400 to be Ready
[✔] Issuer test-issuer in namespace cp2400 is Ready

[INFO] Waiting for Certificate test-certificate in namespace cp2400 to be Ready
[✔] Certificate test-certificate in namespace cp2400 is Ready

[INFO] Deleting test-issuer Issuer ...
issuer.cert-manager.io "test-issuer" deleted

[INFO] Deleting test-certificate Certificate ...
certificate.cert-manager.io "test-certificate" deleted

[INFO] Deleting 15858secret_name Secret ...
secret "test-certificate-secret" deleted

#  Checking IBMLicensing...
# Checking whether Namespace Scope operator exist...
[✗] There is an ibm-namespace-scope-operator subscription already deployed

# Updating ibm-namespace-scope-operator in namesapce cp2400...
[INFO] v4.2 is equal to v4.2
[INFO] catalogsource ibm-cs-install-catalog-v4-11-0 is different from ibm-cs-install-catalog-v4-12-0
[INFO] ibm-namespace-scope-operator is ready for updating the subscription.
subscription.operators.coreos.com/ibm-namespace-scope-operator configured
[✔] Successfully patched subscription ibm-namespace-scope-operator in cp2400
[INFO] Waiting for operator ibm-namespace-scope-operator to be upgraded
[✔] Operator ibm-namespace-scope-operator is upgraded to latest version in channel v4.2

[INFO] Waiting for operator ibm-namespace-scope-operator CSV in namespace cp2400 to be bound to Subscription
[✔] Operator ibm-namespace-scope-operator CSV in namespace cp2400 is bound to Subscription

[INFO] Waiting for operator ibm-namespace-scope-operator in namespace cp2400 to become available
[✔] Operator ibm-namespace-scope-operator in namespace cp2400 is available

# Adding the tethered optional namespaces and removing excluded namespaces for a tenant to namespaceMembers...
[DEBUG] NamspaceScope common-service exists in namespace cp2400.
[DEBUG] List of namespaces for common-service NSS cp2400 cp2400runtime
[DEBUG] Format of namespaceMembers to be added: 
    - cp2400
    - cp2400runtime

# Configuring NamespaceScope CR in cp2400...
[INFO] NamespaceScope CR is already deployed in cp2400

apiVersion: operator.ibm.com/v1
kind: NamespaceScope
metadata:
  name: common-service
  namespace: cp2400
spec:
  csvInjector:
    enable: true
  namespaceMembers: 
    - cp2400
    - cp2400runtime
  restartLabels:
    intent: projected

namespacescope.operator.ibm.com/common-service unchanged
# Accepting license for namespacescope common-service in namespace cp2400...
[✔] License accepted for namespacescope common-service

# Checking and authorizing NSS to all namespaces in tenant...
[INFO] Role and RoleBinding nss-managed-role-from-cp2400 is already existed in cp2400, skip creating

[INFO] Role and RoleBinding nss-managed-role-from-cp2400 is already existed in cp2400runtime, skip creating

# Installing IBM Foundational services operator into operator namespace cp2400...
# Checking if CommonService CRD exists in the cluster...
[INFO] CommonService CRD exist

# Configuring CommonService CR in cp2400...
[INFO] Configuring CommonService CR common-service in cp2400

apiVersion: operator.ibm.com/v3
kind: CommonService
metadata:
  annotations:
    kubectl.kubernetes.io/last-applied-configuration: |
      {"apiVersion":"operator.ibm.com/v3","kind":"CommonService","metadata":{"annotations":{"version":"-1"},"labels":{"foundationservices.cloudpak.ibm.com":"commonservice"},"name":"common-service","namespace":"cp2400"},"spec":{"license":{"accept":false},"operatorNamespace":"cp2400","servicesNamespace":"cp2400runtime","size":"starterset"},"status":{"conditions":[{"lastTransitionTime":"2025-05-07T17:12:23Z","lastUpdateTime":"2025-05-07T17:12:23Z","message":"reconciling CommonService CR.","reason":"StartReconciling","status":"False","type":"Reconciling"},{"lastTransitionTime":"2025-05-07T17:24:46Z","lastUpdateTime":"2025-05-07T17:24:46Z","message":"initializing/updating: waiting for OperandRegistry and OperandConfig to become ready.","reason":"UpdatingResources","status":"True","type":"Pending"},{"lastTransitionTime":"2025-05-07T17:17:17Z","lastUpdateTime":"2025-05-07T17:17:17Z","message":"configuring CommonService CR.","reason":"Configuring","status":"False","type":"Reconciling"},{"lastTransitionTime":"2025-05-07T17:17:17Z","lastUpdateTime":"2025-05-07T17:17:17Z","message":"CommonService CR is ready.","reason":"ReconcileSucceeded","status":"True","type":"Ready"}],"configStatus":{"catalogName":"ibm-cs-install-catalog-v4-11-0","catalogNamespace":"cp2400","configurable":true,"operatorDeployed":true,"operatorNamespace":"cp2400","servicesDeployed":true,"servicesNamespace":"cp2400","topologyConfigurableCRs":[{"apiVersion":"operator.ibm.com/v3","kind":"CommonService","namespace":"cp2400","objectName":"common-service"}]},"overallStatus":"Succeeded","phase":"Updating"}}
    version: "-1"
  labels:
    app.kubernetes.io/component: Operator
    app.kubernetes.io/instance: content
    app.kubernetes.io/managed-by: Operator
    app.kubernetes.io/name: content-cp4ba
    app.kubernetes.io/version: 24.0.1
    foundationservices.cloudpak.ibm.com: commonservice
    release: 24.0.1
  name: common-service
  namespace: cp2400
spec:
  license:
    accept: true
  operatorNamespace: cp2400
  servicesNamespace: cp2400runtime
  size: small
  storageClass: csi-cephfs
status:
  bedrockOperators:
    - installPlanName: install-zsrdl
      name: ibm-iam-operator
      operatorStatus: Succeeded
      subscriptionStatus: Succeeded
      version: v4.10.0
    - installPlanName: install-zsrdl
      name: ibm-zen-operator
      operatorStatus: Succeeded
      subscriptionStatus: Succeeded
      version: v6.1.1-89
    - installPlanName: install-258xr
      name: cloud-native-postgresql
      operatorStatus: Succeeded
      subscriptionStatus: Succeeded
      version: v1.22.7
  conditions:
    - lastTransitionTime: "2025-05-07T17:12:23Z"
      lastUpdateTime: "2025-05-07T17:12:23Z"
      message: reconciling CommonService CR.
      reason: StartReconciling
      status: "False"
      type: Reconciling
    - lastTransitionTime: "2025-05-07T17:53:36Z"
      lastUpdateTime: "2025-05-07T17:53:36Z"
      message: 'initializing/updating: waiting for OperandRegistry and OperandConfig to become ready.'
      reason: UpdatingResources
      status: "False"
      type: Pending
    - lastTransitionTime: "2025-05-07T17:53:58Z"
      lastUpdateTime: "2025-05-07T17:53:58Z"
      message: configuring CommonService CR.
      reason: Configuring
      status: "False"
      type: Reconciling
    - lastTransitionTime: "2025-05-07T17:53:58Z"
      lastUpdateTime: "2025-05-07T17:53:58Z"
      message: CommonService CR is ready.
      reason: ReconcileSucceeded
      status: "True"
      type: Ready
  configStatus:
    catalogName: ibm-cs-install-catalog-v4-11-0
    catalogNamespace: cp2400
    configurable: true
    operatorDeployed: true
    operatorNamespace: cp2400
    servicesDeployed: true
    servicesNamespace: cp2400runtime
    topologyConfigurableCRs:
      - apiVersion: operator.ibm.com/v3
        kind: CommonService
        namespace: cp2400
        objectName: common-service
  overallStatus: Succeeded
  phase: Succeeded

pod/ibm-common-service-operator-5fb989bbc7-x2dzf condition met
[DEBUG] ibm-common-service-operator pod is ready

commonservice.operator.ibm.com/common-service configured
[✔] Successfully patched CommonService CR in cp2400
# Checking whether IBM Common Service operator exist...
[INFO] There is an ibm-common-service-operator Subscription already

# Updating ibm-common-service-operator-v4.11-ibm-cs-install-catalog-v4-11-0-cp2400 in namesapce cp2400...
[INFO] v4.11 is less than v4.12
[INFO] catalogsource ibm-cs-install-catalog-v4-11-0 is different from ibm-cs-install-catalog-v4-12-0
[INFO] ibm-common-service-operator is ready for updating the subscription.
subscription.operators.coreos.com/ibm-common-service-operator-v4.11-ibm-cs-install-catalog-v4-11-0-cp2400 configured
[✔] Successfully patched subscription ibm-common-service-operator in cp2400
[INFO] Waiting for operator ibm-common-service-operator to be upgraded
[DEBUG] oc get subscription.operators.coreos.com -l operators.coreos.com/ibm-common-service-operator.cp2400='' -n cp2400 -o jsonpath='{.items[*].status.conditions}' -> 
[{"lastTransitionTime":"2025-05-14T23:09:52Z","message":"all available catalogsources are healthy","reason":"CatalogSourcesAdded","status":"False","type":"CatalogSourcesUnhealthy"},{"lastTransitionTime":"2025-05-07T17:52:02Z","reason":"ReferencedInstallPlanNotFound","status":"True","type":"InstallPlanMissing"}]

[INFO] RETRYING: Waiting for operator ibm-common-service-operator to be upgraded (120 left)
[DEBUG] oc get subscription.operators.coreos.com -l operators.coreos.com/ibm-common-service-operator.cp2400='' -n cp2400 -o jsonpath='{.items[*].status.conditions}' -> 
[{"lastTransitionTime":"2025-05-14T23:09:59Z","message":"all available catalogsources are healthy","reason":"AllCatalogSourcesHealthy","status":"False","type":"CatalogSourcesUnhealthy"},{"lastTransitionTime":"2025-05-07T17:52:02Z","reason":"ReferencedInstallPlanNotFound","status":"True","type":"InstallPlanMissing"}]

[INFO] RETRYING: Waiting for operator ibm-common-service-operator to be upgraded (119 left)
[DEBUG] oc get subscription.operators.coreos.com -l operators.coreos.com/ibm-common-service-operator.cp2400='' -n cp2400 -o jsonpath='{.items[*].status.conditions}' -> 
[{"lastTransitionTime":"2025-05-14T23:09:59Z","message":"all available catalogsources are healthy","reason":"AllCatalogSourcesHealthy","status":"False","type":"CatalogSourcesUnhealthy"},{"lastTransitionTime":"2025-05-07T17:52:02Z","reason":"ReferencedInstallPlanNotFound","status":"True","type":"InstallPlanMissing"}]

[INFO] RETRYING: Waiting for operator ibm-common-service-operator to be upgraded (118 left)
[DEBUG] oc get subscription.operators.coreos.com -l operators.coreos.com/ibm-common-service-operator.cp2400='' -n cp2400 -o jsonpath='{.items[*].status.conditions}' -> 
[{"lastTransitionTime":"2025-05-14T23:09:59Z","message":"all available catalogsources are healthy","reason":"AllCatalogSourcesHealthy","status":"False","type":"CatalogSourcesUnhealthy"},{"lastTransitionTime":"2025-05-07T17:52:02Z","reason":"ReferencedInstallPlanNotFound","status":"True","type":"InstallPlanMissing"}]

[INFO] RETRYING: Waiting for operator ibm-common-service-operator to be upgraded (117 left)
[DEBUG] oc get subscription.operators.coreos.com -l operators.coreos.com/ibm-common-service-operator.cp2400='' -n cp2400 -o jsonpath='{.items[*].status.conditions}' -> 
[{"lastTransitionTime":"2025-05-14T23:09:59Z","message":"all available catalogsources are healthy","reason":"AllCatalogSourcesHealthy","status":"False","type":"CatalogSourcesUnhealthy"},{"lastTransitionTime":"2025-05-07T17:52:02Z","reason":"ReferencedInstallPlanNotFound","status":"True","type":"InstallPlanMissing"}]

[INFO] RETRYING: Waiting for operator ibm-common-service-operator to be upgraded (116 left)
[DEBUG] oc get subscription.operators.coreos.com -l operators.coreos.com/ibm-common-service-operator.cp2400='' -n cp2400 -o jsonpath='{.items[*].status.conditions}' -> 
[{"lastTransitionTime":"2025-05-14T23:09:59Z","message":"all available catalogsources are healthy","reason":"AllCatalogSourcesHealthy","status":"False","type":"CatalogSourcesUnhealthy"},{"lastTransitionTime":"2025-05-07T17:52:02Z","reason":"ReferencedInstallPlanNotFound","status":"True","type":"InstallPlanMissing"},{"message":"[a unique replacement chain within a channel is required to determine the relative order between channel entries, but 2 replacement chains were found in channel \"\" of package \"ibm-content-operator\": ibm-content-operator.v24.1.2, ibm-content-operator.v25.0.0, a unique replacement chain within a channel is required to determine the relative order between channel entries, but 2 replacement chains were found in channel \"\" of package \"icp4a-foundation-operator\": icp4a-foundation-operator.v24.1.2, icp4a-foundation-operator.v25.0.0, a unique replacement chain within a channel is required to determine the relative order between channel entries, but 2 replacement chains were found in channel \"\" of package \"ibm-ads-operator\": ibm-ads-operator.v24.1.2, ibm-ads-operator.v25.0.0, a unique replacement chain within a channel is required to determine the relative order between channel entries, but 2 replacement chains were found in channel \"\" of package \"ibm-dpe-operator\": ibm-dpe-operator.v24.1.2, ibm-dpe-operator.v25.0.0, a unique replacement chain within a channel is required to determine the relative order between channel entries, but 2 replacement chains were found in channel \"\" of package \"ibm-odm-operator\": ibm-odm-operator.v24.1.2, ibm-odm-operator.v25.0.0, a unique replacement chain within a channel is required to determine the relative order between channel entries, but 2 replacement chains were found in channel \"\" of package \"ibm-insights-engine-operator\": ibm-insights-engine-operator.v25.0.0, ibm-insights-engine-operator.v24.1.2, a unique replacement chain within a channel is required to determine the relative order between channel entries, but 2 replacement chains were found in channel \"\" of package \"ibm-pfs-operator\": ibm-pfs-operator.v25.0.0, ibm-pfs-operator.v24.1.2, a unique replacement chain within a channel is required to determine the relative order between channel entries, but 2 replacement chains were found in channel \"\" of package \"ibm-cp4a-wfps-operator\": ibm-cp4a-wfps-operator.v25.0.0, ibm-cp4a-wfps-operator.v24.1.2, a unique replacement chain within a channel is required to determine the relative order between channel entries, but 2 replacement chains were found in channel \"\" of package \"ibm-workflow-operator\": ibm-workflow-operator.v24.1.2, ibm-workflow-operator.v25.0.0]","reason":"ErrorPreventedResolution","status":"True","type":"ResolutionFailed"}]

[INFO] RETRYING: Waiting for operator ibm-common-service-operator to be upgraded (115 left)
[DEBUG] oc get subscription.operators.coreos.com -l operators.coreos.com/ibm-common-service-operator.cp2400='' -n cp2400 -o jsonpath='{.items[*].status.conditions}' -> 
[{"lastTransitionTime":"2025-05-14T23:09:59Z","message":"all available catalogsources are healthy","reason":"AllCatalogSourcesHealthy","status":"False","type":"CatalogSourcesUnhealthy"},{"lastTransitionTime":"2025-05-07T17:52:02Z","reason":"ReferencedInstallPlanNotFound","status":"True","type":"InstallPlanMissing"},{"message":"[a unique replacement chain within a channel is required to determine the relative order between channel entries, but 2 replacement chains were found in channel \"\" of package \"ibm-content-operator\": ibm-content-operator.v24.1.2, ibm-content-operator.v25.0.0, a unique replacement chain within a channel is required to determine the relative order between channel entries, but 2 replacement chains were found in channel \"\" of package \"icp4a-foundation-operator\": icp4a-foundation-operator.v24.1.2, icp4a-foundation-operator.v25.0.0, a unique replacement chain within a channel is required to determine the relative order between channel entries, but 2 replacement chains were found in channel \"\" of package \"ibm-ads-operator\": ibm-ads-operator.v24.1.2, ibm-ads-operator.v25.0.0, a unique replacement chain within a channel is required to determine the relative order between channel entries, but 2 replacement chains were found in channel \"\" of package \"ibm-dpe-operator\": ibm-dpe-operator.v24.1.2, ibm-dpe-operator.v25.0.0, a unique replacement chain within a channel is required to determine the relative order between channel entries, but 2 replacement chains were found in channel \"\" of package \"ibm-odm-operator\": ibm-odm-operator.v24.1.2, ibm-odm-operator.v25.0.0, a unique replacement chain within a channel is required to determine the relative order between channel entries, but 2 replacement chains were found in channel \"\" of package \"ibm-insights-engine-operator\": ibm-insights-engine-operator.v25.0.0, ibm-insights-engine-operator.v24.1.2, a unique replacement chain within a channel is required to determine the relative order between channel entries, but 2 replacement chains were found in channel \"\" of package \"ibm-pfs-operator\": ibm-pfs-operator.v25.0.0, ibm-pfs-operator.v24.1.2, a unique replacement chain within a channel is required to determine the relative order between channel entries, but 2 replacement chains were found in channel \"\" of package \"ibm-cp4a-wfps-operator\": ibm-cp4a-wfps-operator.v25.0.0, ibm-cp4a-wfps-operator.v24.1.2, a unique replacement chain within a channel is required to determine the relative order between channel entries, but 2 replacement chains were found in channel \"\" of package \"ibm-workflow-operator\": ibm-workflow-operator.v24.1.2, ibm-workflow-operator.v25.0.0]","reason":"ErrorPreventedResolution","status":"True","type":"ResolutionFailed"}]

[INFO] RETRYING: Waiting for operator ibm-common-service-operator to be upgraded (114 left)
[DEBUG] oc get subscription.operators.coreos.com -l operators.coreos.com/ibm-common-service-operator.cp2400='' -n cp2400 -o jsonpath='{.items[*].status.conditions}' -> 
[{"lastTransitionTime":"2025-05-14T23:09:59Z","message":"all available catalogsources are healthy","reason":"AllCatalogSourcesHealthy","status":"False","type":"CatalogSourcesUnhealthy"},{"lastTransitionTime":"2025-05-07T17:52:02Z","reason":"ReferencedInstallPlanNotFound","status":"True","type":"InstallPlanMissing"},{"message":"[a unique replacement chain within a channel is required to determine the relative order between channel entries, but 2 replacement chains were found in channel \"\" of package \"ibm-content-operator\": ibm-content-operator.v24.1.2, ibm-content-operator.v25.0.0, a unique replacement chain within a channel is required to determine the relative order between channel entries, but 2 replacement chains were found in channel \"\" of package \"icp4a-foundation-operator\": icp4a-foundation-operator.v24.1.2, icp4a-foundation-operator.v25.0.0, a unique replacement chain within a channel is required to determine the relative order between channel entries, but 2 replacement chains were found in channel \"\" of package \"ibm-ads-operator\": ibm-ads-operator.v24.1.2, ibm-ads-operator.v25.0.0, a unique replacement chain within a channel is required to determine the relative order between channel entries, but 2 replacement chains were found in channel \"\" of package \"ibm-dpe-operator\": ibm-dpe-operator.v24.1.2, ibm-dpe-operator.v25.0.0, a unique replacement chain within a channel is required to determine the relative order between channel entries, but 2 replacement chains were found in channel \"\" of package \"ibm-odm-operator\": ibm-odm-operator.v24.1.2, ibm-odm-operator.v25.0.0, a unique replacement chain within a channel is required to determine the relative order between channel entries, but 2 replacement chains were found in channel \"\" of package \"ibm-insights-engine-operator\": ibm-insights-engine-operator.v25.0.0, ibm-insights-engine-operator.v24.1.2, a unique replacement chain within a channel is required to determine the relative order between channel entries, but 2 replacement chains were found in channel \"\" of package \"ibm-pfs-operator\": ibm-pfs-operator.v25.0.0, ibm-pfs-operator.v24.1.2, a unique replacement chain within a channel is required to determine the relative order between channel entries, but 2 replacement chains were found in channel \"\" of package \"ibm-cp4a-wfps-operator\": ibm-cp4a-wfps-operator.v25.0.0, ibm-cp4a-wfps-operator.v24.1.2, a unique replacement chain within a channel is required to determine the relative order between channel entries, but 2 replacement chains were found in channel \"\" of package \"ibm-workflow-operator\": ibm-workflow-operator.v24.1.2, ibm-workflow-operator.v25.0.0]","reason":"ErrorPreventedResolution","status":"True","type":"ResolutionFailed"}]

[INFO] RETRYING: Waiting for operator ibm-common-service-operator to be upgraded (113 left)
[DEBUG] oc get subscription.operators.coreos.com -l operators.coreos.com/ibm-common-service-operator.cp2400='' -n cp2400 -o jsonpath='{.items[*].status.conditions}' -> 
[{"lastTransitionTime":"2025-05-14T23:09:59Z","message":"all available catalogsources are healthy","reason":"AllCatalogSourcesHealthy","status":"False","type":"CatalogSourcesUnhealthy"},{"lastTransitionTime":"2025-05-07T17:52:02Z","reason":"ReferencedInstallPlanNotFound","status":"True","type":"InstallPlanMissing"},{"message":"[a unique replacement chain within a channel is required to determine the relative order between channel entries, but 2 replacement chains were found in channel \"\" of package \"ibm-content-operator\": ibm-content-operator.v24.1.2, ibm-content-operator.v25.0.0, a unique replacement chain within a channel is required to determine the relative order between channel entries, but 2 replacement chains were found in channel \"\" of package \"icp4a-foundation-operator\": icp4a-foundation-operator.v24.1.2, icp4a-foundation-operator.v25.0.0, a unique replacement chain within a channel is required to determine the relative order between channel entries, but 2 replacement chains were found in channel \"\" of package \"ibm-ads-operator\": ibm-ads-operator.v24.1.2, ibm-ads-operator.v25.0.0, a unique replacement chain within a channel is required to determine the relative order between channel entries, but 2 replacement chains were found in channel \"\" of package \"ibm-dpe-operator\": ibm-dpe-operator.v24.1.2, ibm-dpe-operator.v25.0.0, a unique replacement chain within a channel is required to determine the relative order between channel entries, but 2 replacement chains were found in channel \"\" of package \"ibm-odm-operator\": ibm-odm-operator.v24.1.2, ibm-odm-operator.v25.0.0, a unique replacement chain within a channel is required to determine the relative order between channel entries, but 2 replacement chains were found in channel \"\" of package \"ibm-insights-engine-operator\": ibm-insights-engine-operator.v25.0.0, ibm-insights-engine-operator.v24.1.2, a unique replacement chain within a channel is required to determine the relative order between channel entries, but 2 replacement chains were found in channel \"\" of package \"ibm-pfs-operator\": ibm-pfs-operator.v25.0.0, ibm-pfs-operator.v24.1.2, a unique replacement chain within a channel is required to determine the relative order between channel entries, but 2 replacement chains were found in channel \"\" of package \"ibm-cp4a-wfps-operator\": ibm-cp4a-wfps-operator.v25.0.0, ibm-cp4a-wfps-operator.v24.1.2, a unique replacement chain within a channel is required to determine the relative order between channel entries, but 2 replacement chains were found in channel \"\" of package \"ibm-workflow-operator\": ibm-workflow-operator.v24.1.2, ibm-workflow-operator.v25.0.0]","reason":"ErrorPreventedResolution","status":"True","type":"ResolutionFailed"}]

[INFO] RETRYING: Waiting for operator ibm-common-service-operator to be upgraded (112 left)
[DEBUG] oc get subscription.operators.coreos.com -l operators.coreos.com/ibm-common-service-operator.cp2400='' -n cp2400 -o jsonpath='{.items[*].status.conditions}' -> 
[{"lastTransitionTime":"2025-05-14T23:09:59Z","message":"all available catalogsources are healthy","reason":"AllCatalogSourcesHealthy","status":"False","type":"CatalogSourcesUnhealthy"},{"lastTransitionTime":"2025-05-07T17:52:02Z","reason":"ReferencedInstallPlanNotFound","status":"True","type":"InstallPlanMissing"},{"message":"[a unique replacement chain within a channel is required to determine the relative order between channel entries, but 2 replacement chains were found in channel \"\" of package \"ibm-content-operator\": ibm-content-operator.v24.1.2, ibm-content-operator.v25.0.0, a unique replacement chain within a channel is required to determine the relative order between channel entries, but 2 replacement chains were found in channel \"\" of package \"icp4a-foundation-operator\": icp4a-foundation-operator.v24.1.2, icp4a-foundation-operator.v25.0.0, a unique replacement chain within a channel is required to determine the relative order between channel entries, but 2 replacement chains were found in channel \"\" of package \"ibm-ads-operator\": ibm-ads-operator.v24.1.2, ibm-ads-operator.v25.0.0, a unique replacement chain within a channel is required to determine the relative order between channel entries, but 2 replacement chains were found in channel \"\" of package \"ibm-dpe-operator\": ibm-dpe-operator.v24.1.2, ibm-dpe-operator.v25.0.0, a unique replacement chain within a channel is required to determine the relative order between channel entries, but 2 replacement chains were found in channel \"\" of package \"ibm-odm-operator\": ibm-odm-operator.v24.1.2, ibm-odm-operator.v25.0.0, a unique replacement chain within a channel is required to determine the relative order between channel entries, but 2 replacement chains were found in channel \"\" of package \"ibm-insights-engine-operator\": ibm-insights-engine-operator.v25.0.0, ibm-insights-engine-operator.v24.1.2, a unique replacement chain within a channel is required to determine the relative order between channel entries, but 2 replacement chains were found in channel \"\" of package \"ibm-pfs-operator\": ibm-pfs-operator.v25.0.0, ibm-pfs-operator.v24.1.2, a unique replacement chain within a channel is required to determine the relative order between channel entries, but 2 replacement chains were found in channel \"\" of package \"ibm-cp4a-wfps-operator\": ibm-cp4a-wfps-operator.v25.0.0, ibm-cp4a-wfps-operator.v24.1.2, a unique replacement chain within a channel is required to determine the relative order between channel entries, but 2 replacement chains were found in channel \"\" of package \"ibm-workflow-operator\": ibm-workflow-operator.v24.1.2, ibm-workflow-operator.v25.0.0]","reason":"ErrorPreventedResolution","status":"True","type":"ResolutionFailed"}]

[INFO] RETRYING: Waiting for operator ibm-common-service-operator to be upgraded (111 left)
[DEBUG] oc get subscription.operators.coreos.com -l operators.coreos.com/ibm-common-service-operator.cp2400='' -n cp2400 -o jsonpath='{.items[*].status.conditions}' -> 
[{"lastTransitionTime":"2025-05-14T23:09:59Z","message":"all available catalogsources are healthy","reason":"AllCatalogSourcesHealthy","status":"False","type":"CatalogSourcesUnhealthy"},{"lastTransitionTime":"2025-05-07T17:52:02Z","reason":"ReferencedInstallPlanNotFound","status":"True","type":"InstallPlanMissing"},{"message":"[a unique replacement chain within a channel is required to determine the relative order between channel entries, but 2 replacement chains were found in channel \"\" of package \"ibm-content-operator\": ibm-content-operator.v24.1.2, ibm-content-operator.v25.0.0, a unique replacement chain within a channel is required to determine the relative order between channel entries, but 2 replacement chains were found in channel \"\" of package \"icp4a-foundation-operator\": icp4a-foundation-operator.v24.1.2, icp4a-foundation-operator.v25.0.0, a unique replacement chain within a channel is required to determine the relative order between channel entries, but 2 replacement chains were found in channel \"\" of package \"ibm-ads-operator\": ibm-ads-operator.v24.1.2, ibm-ads-operator.v25.0.0, a unique replacement chain within a channel is required to determine the relative order between channel entries, but 2 replacement chains were found in channel \"\" of package \"ibm-dpe-operator\": ibm-dpe-operator.v24.1.2, ibm-dpe-operator.v25.0.0, a unique replacement chain within a channel is required to determine the relative order between channel entries, but 2 replacement chains were found in channel \"\" of package \"ibm-odm-operator\": ibm-odm-operator.v24.1.2, ibm-odm-operator.v25.0.0, a unique replacement chain within a channel is required to determine the relative order between channel entries, but 2 replacement chains were found in channel \"\" of package \"ibm-insights-engine-operator\": ibm-insights-engine-operator.v25.0.0, ibm-insights-engine-operator.v24.1.2, a unique replacement chain within a channel is required to determine the relative order between channel entries, but 2 replacement chains were found in channel \"\" of package \"ibm-pfs-operator\": ibm-pfs-operator.v25.0.0, ibm-pfs-operator.v24.1.2, a unique replacement chain within a channel is required to determine the relative order between channel entries, but 2 replacement chains were found in channel \"\" of package \"ibm-cp4a-wfps-operator\": ibm-cp4a-wfps-operator.v25.0.0, ibm-cp4a-wfps-operator.v24.1.2, a unique replacement chain within a channel is required to determine the relative order between channel entries, but 2 replacement chains were found in channel \"\" of package \"ibm-workflow-operator\": ibm-workflow-operator.v24.1.2, ibm-workflow-operator.v25.0.0]","reason":"ErrorPreventedResolution","status":"True","type":"ResolutionFailed"},{"reason":"UnpackingInProgress","status":"True","type":"BundleUnpacking"}]

[INFO] RETRYING: Waiting for operator ibm-common-service-operator to be upgraded (110 left)
[DEBUG] oc get subscription.operators.coreos.com -l operators.coreos.com/ibm-common-service-operator.cp2400='' -n cp2400 -o jsonpath='{.items[*].status.conditions}' -> 
[{"lastTransitionTime":"2025-05-14T23:09:59Z","message":"all available catalogsources are healthy","reason":"AllCatalogSourcesHealthy","status":"False","type":"CatalogSourcesUnhealthy"},{"lastTransitionTime":"2025-05-07T17:52:02Z","reason":"ReferencedInstallPlanNotFound","status":"True","type":"InstallPlanMissing"},{"message":"[a unique replacement chain within a channel is required to determine the relative order between channel entries, but 2 replacement chains were found in channel \"\" of package \"ibm-content-operator\": ibm-content-operator.v24.1.2, ibm-content-operator.v25.0.0, a unique replacement chain within a channel is required to determine the relative order between channel entries, but 2 replacement chains were found in channel \"\" of package \"icp4a-foundation-operator\": icp4a-foundation-operator.v24.1.2, icp4a-foundation-operator.v25.0.0, a unique replacement chain within a channel is required to determine the relative order between channel entries, but 2 replacement chains were found in channel \"\" of package \"ibm-ads-operator\": ibm-ads-operator.v24.1.2, ibm-ads-operator.v25.0.0, a unique replacement chain within a channel is required to determine the relative order between channel entries, but 2 replacement chains were found in channel \"\" of package \"ibm-dpe-operator\": ibm-dpe-operator.v24.1.2, ibm-dpe-operator.v25.0.0, a unique replacement chain within a channel is required to determine the relative order between channel entries, but 2 replacement chains were found in channel \"\" of package \"ibm-odm-operator\": ibm-odm-operator.v24.1.2, ibm-odm-operator.v25.0.0, a unique replacement chain within a channel is required to determine the relative order between channel entries, but 2 replacement chains were found in channel \"\" of package \"ibm-insights-engine-operator\": ibm-insights-engine-operator.v25.0.0, ibm-insights-engine-operator.v24.1.2, a unique replacement chain within a channel is required to determine the relative order between channel entries, but 2 replacement chains were found in channel \"\" of package \"ibm-pfs-operator\": ibm-pfs-operator.v25.0.0, ibm-pfs-operator.v24.1.2, a unique replacement chain within a channel is required to determine the relative order between channel entries, but 2 replacement chains were found in channel \"\" of package \"ibm-cp4a-wfps-operator\": ibm-cp4a-wfps-operator.v25.0.0, ibm-cp4a-wfps-operator.v24.1.2, a unique replacement chain within a channel is required to determine the relative order between channel entries, but 2 replacement chains were found in channel \"\" of package \"ibm-workflow-operator\": ibm-workflow-operator.v24.1.2, ibm-workflow-operator.v25.0.0]","reason":"ErrorPreventedResolution","status":"True","type":"ResolutionFailed"},{"reason":"UnpackingInProgress","status":"True","type":"BundleUnpacking"}]

[INFO] RETRYING: Waiting for operator ibm-common-service-operator to be upgraded (109 left)
[DEBUG] oc get subscription.operators.coreos.com -l operators.coreos.com/ibm-common-service-operator.cp2400='' -n cp2400 -o jsonpath='{.items[*].status.conditions}' -> 
[{"lastTransitionTime":"2025-05-14T23:09:59Z","message":"all available catalogsources are healthy","reason":"AllCatalogSourcesHealthy","status":"False","type":"CatalogSourcesUnhealthy"},{"lastTransitionTime":"2025-05-07T17:52:02Z","reason":"ReferencedInstallPlanNotFound","status":"True","type":"InstallPlanMissing"},{"message":"[a unique replacement chain within a channel is required to determine the relative order between channel entries, but 2 replacement chains were found in channel \"\" of package \"ibm-content-operator\": ibm-content-operator.v24.1.2, ibm-content-operator.v25.0.0, a unique replacement chain within a channel is required to determine the relative order between channel entries, but 2 replacement chains were found in channel \"\" of package \"icp4a-foundation-operator\": icp4a-foundation-operator.v24.1.2, icp4a-foundation-operator.v25.0.0, a unique replacement chain within a channel is required to determine the relative order between channel entries, but 2 replacement chains were found in channel \"\" of package \"ibm-ads-operator\": ibm-ads-operator.v24.1.2, ibm-ads-operator.v25.0.0, a unique replacement chain within a channel is required to determine the relative order between channel entries, but 2 replacement chains were found in channel \"\" of package \"ibm-dpe-operator\": ibm-dpe-operator.v24.1.2, ibm-dpe-operator.v25.0.0, a unique replacement chain within a channel is required to determine the relative order between channel entries, but 2 replacement chains were found in channel \"\" of package \"ibm-odm-operator\": ibm-odm-operator.v24.1.2, ibm-odm-operator.v25.0.0, a unique replacement chain within a channel is required to determine the relative order between channel entries, but 2 replacement chains were found in channel \"\" of package \"ibm-insights-engine-operator\": ibm-insights-engine-operator.v25.0.0, ibm-insights-engine-operator.v24.1.2, a unique replacement chain within a channel is required to determine the relative order between channel entries, but 2 replacement chains were found in channel \"\" of package \"ibm-pfs-operator\": ibm-pfs-operator.v25.0.0, ibm-pfs-operator.v24.1.2, a unique replacement chain within a channel is required to determine the relative order between channel entries, but 2 replacement chains were found in channel \"\" of package \"ibm-cp4a-wfps-operator\": ibm-cp4a-wfps-operator.v25.0.0, ibm-cp4a-wfps-operator.v24.1.2, a unique replacement chain within a channel is required to determine the relative order between channel entries, but 2 replacement chains were found in channel \"\" of package \"ibm-workflow-operator\": ibm-workflow-operator.v24.1.2, ibm-workflow-operator.v25.0.0]","reason":"ErrorPreventedResolution","status":"True","type":"ResolutionFailed"},{"reason":"UnpackingInProgress","status":"True","type":"BundleUnpacking"}]

[INFO] RETRYING: Waiting for operator ibm-common-service-operator to be upgraded (108 left)
[DEBUG] oc get subscription.operators.coreos.com -l operators.coreos.com/ibm-common-service-operator.cp2400='' -n cp2400 -o jsonpath='{.items[*].status.conditions}' -> 
[{"lastTransitionTime":"2025-05-14T23:09:59Z","message":"all available catalogsources are healthy","reason":"AllCatalogSourcesHealthy","status":"False","type":"CatalogSourcesUnhealthy"},{"lastTransitionTime":"2025-05-07T17:52:02Z","reason":"ReferencedInstallPlanNotFound","status":"True","type":"InstallPlanMissing"},{"message":"[a unique replacement chain within a channel is required to determine the relative order between channel entries, but 2 replacement chains were found in channel \"\" of package \"ibm-content-operator\": ibm-content-operator.v24.1.2, ibm-content-operator.v25.0.0, a unique replacement chain within a channel is required to determine the relative order between channel entries, but 2 replacement chains were found in channel \"\" of package \"icp4a-foundation-operator\": icp4a-foundation-operator.v24.1.2, icp4a-foundation-operator.v25.0.0, a unique replacement chain within a channel is required to determine the relative order between channel entries, but 2 replacement chains were found in channel \"\" of package \"ibm-ads-operator\": ibm-ads-operator.v24.1.2, ibm-ads-operator.v25.0.0, a unique replacement chain within a channel is required to determine the relative order between channel entries, but 2 replacement chains were found in channel \"\" of package \"ibm-dpe-operator\": ibm-dpe-operator.v24.1.2, ibm-dpe-operator.v25.0.0, a unique replacement chain within a channel is required to determine the relative order between channel entries, but 2 replacement chains were found in channel \"\" of package \"ibm-odm-operator\": ibm-odm-operator.v24.1.2, ibm-odm-operator.v25.0.0, a unique replacement chain within a channel is required to determine the relative order between channel entries, but 2 replacement chains were found in channel \"\" of package \"ibm-insights-engine-operator\": ibm-insights-engine-operator.v25.0.0, ibm-insights-engine-operator.v24.1.2, a unique replacement chain within a channel is required to determine the relative order between channel entries, but 2 replacement chains were found in channel \"\" of package \"ibm-pfs-operator\": ibm-pfs-operator.v25.0.0, ibm-pfs-operator.v24.1.2, a unique replacement chain within a channel is required to determine the relative order between channel entries, but 2 replacement chains were found in channel \"\" of package \"ibm-cp4a-wfps-operator\": ibm-cp4a-wfps-operator.v25.0.0, ibm-cp4a-wfps-operator.v24.1.2, a unique replacement chain within a channel is required to determine the relative order between channel entries, but 2 replacement chains were found in channel \"\" of package \"ibm-workflow-operator\": ibm-workflow-operator.v24.1.2, ibm-workflow-operator.v25.0.0]","reason":"ErrorPreventedResolution","status":"True","type":"ResolutionFailed"},{"reason":"UnpackingInProgress","status":"True","type":"BundleUnpacking"}]

[INFO] RETRYING: Waiting for operator ibm-common-service-operator to be upgraded (107 left)
[DEBUG] oc get subscription.operators.coreos.com -l operators.coreos.com/ibm-common-service-operator.cp2400='' -n cp2400 -o jsonpath='{.items[*].status.conditions}' -> 
[{"lastTransitionTime":"2025-05-14T23:09:59Z","message":"all available catalogsources are healthy","reason":"AllCatalogSourcesHealthy","status":"False","type":"CatalogSourcesUnhealthy"},{"lastTransitionTime":"2025-05-07T17:52:02Z","reason":"ReferencedInstallPlanNotFound","status":"True","type":"InstallPlanMissing"},{"message":"[a unique replacement chain within a channel is required to determine the relative order between channel entries, but 2 replacement chains were found in channel \"\" of package \"ibm-content-operator\": ibm-content-operator.v24.1.2, ibm-content-operator.v25.0.0, a unique replacement chain within a channel is required to determine the relative order between channel entries, but 2 replacement chains were found in channel \"\" of package \"icp4a-foundation-operator\": icp4a-foundation-operator.v24.1.2, icp4a-foundation-operator.v25.0.0, a unique replacement chain within a channel is required to determine the relative order between channel entries, but 2 replacement chains were found in channel \"\" of package \"ibm-ads-operator\": ibm-ads-operator.v24.1.2, ibm-ads-operator.v25.0.0, a unique replacement chain within a channel is required to determine the relative order between channel entries, but 2 replacement chains were found in channel \"\" of package \"ibm-dpe-operator\": ibm-dpe-operator.v24.1.2, ibm-dpe-operator.v25.0.0, a unique replacement chain within a channel is required to determine the relative order between channel entries, but 2 replacement chains were found in channel \"\" of package \"ibm-odm-operator\": ibm-odm-operator.v24.1.2, ibm-odm-operator.v25.0.0, a unique replacement chain within a channel is required to determine the relative order between channel entries, but 2 replacement chains were found in channel \"\" of package \"ibm-insights-engine-operator\": ibm-insights-engine-operator.v25.0.0, ibm-insights-engine-operator.v24.1.2, a unique replacement chain within a channel is required to determine the relative order between channel entries, but 2 replacement chains were found in channel \"\" of package \"ibm-pfs-operator\": ibm-pfs-operator.v25.0.0, ibm-pfs-operator.v24.1.2, a unique replacement chain within a channel is required to determine the relative order between channel entries, but 2 replacement chains were found in channel \"\" of package \"ibm-cp4a-wfps-operator\": ibm-cp4a-wfps-operator.v25.0.0, ibm-cp4a-wfps-operator.v24.1.2, a unique replacement chain within a channel is required to determine the relative order between channel entries, but 2 replacement chains were found in channel \"\" of package \"ibm-workflow-operator\": ibm-workflow-operator.v24.1.2, ibm-workflow-operator.v25.0.0]","reason":"ErrorPreventedResolution","status":"True","type":"ResolutionFailed"},{"reason":"UnpackingInProgress","status":"True","type":"BundleUnpacking"}]

[INFO] RETRYING: Waiting for operator ibm-common-service-operator to be upgraded (106 left)
[DEBUG] oc get subscription.operators.coreos.com -l operators.coreos.com/ibm-common-service-operator.cp2400='' -n cp2400 -o jsonpath='{.items[*].status.conditions}' -> 
[{"lastTransitionTime":"2025-05-14T23:09:59Z","message":"all available catalogsources are healthy","reason":"AllCatalogSourcesHealthy","status":"False","type":"CatalogSourcesUnhealthy"},{"reason":"UnpackingInProgress","status":"True","type":"BundleUnpacking"},{"lastTransitionTime":"2025-05-14T23:15:01Z","reason":"Installing","status":"True","type":"InstallPlanPending"}]

[INFO] RETRYING: Waiting for operator ibm-common-service-operator to be upgraded (105 left)
[DEBUG] oc get subscription.operators.coreos.com -l operators.coreos.com/ibm-common-service-operator.cp2400='' -n cp2400 -o jsonpath='{.items[*].status.conditions}' -> 
[{"lastTransitionTime":"2025-05-14T23:09:59Z","message":"all available catalogsources are healthy","reason":"AllCatalogSourcesHealthy","status":"False","type":"CatalogSourcesUnhealthy"},{"reason":"UnpackingInProgress","status":"True","type":"BundleUnpacking"}]

[INFO] RETRYING: Waiting for operator ibm-common-service-operator to be upgraded (104 left)
[✔] Operator ibm-common-service-operator is upgraded to latest version in channel v4.12

No resources found in cp2400runtime namespace.
[INFO] Waiting for operator ibm-common-service-operator CSV in namespace cp2400 to be bound to Subscription
[✔] Operator ibm-common-service-operator CSV in namespace cp2400 is bound to Subscription

[INFO] Waiting for operator ibm-common-service-operator CSV to be patched with NamespaceScope ConfigMap
[✔] operator ibm-common-service-operator CSV is patched with NamespaceScope ConfigMap

[INFO] Waiting for OLM to update Deployment ibm-common-service-operator in namespace cp2400 with NamespaceScope ConfigMap
[✔] Deployment ibm-common-service-operator is updated with NamespaceScope ConfigMap

[INFO] Waiting for Deployment ibm-common-service-operator to be ready
[✔] Deployment ibm-common-service-operator is running

[INFO] Waiting for operator ibm-common-service-operator in namespace cp2400 to become available
[✔] Operator ibm-common-service-operator in namespace cp2400 is available

# Accepting license for commonservice common-service in namespace cp2400...
[✔] License accepted for commonservice common-service

[INFO] Waiting for operator ibm-odlm CSV in namespace cp2400 to be bound to Subscription
[✔] Operator ibm-odlm CSV in namespace cp2400 is bound to Subscription

[INFO] Waiting for operator operand-deployment-lifecycle-manager in namespace cp2400 to become available
[✔] Operator operand-deployment-lifecycle-manager in namespace cp2400 is available

[INFO] Waiting for CommonService CR common-service in cp2400 to be ready
[INFO] RETRYING: Waiting for CommonService CR common-service in cp2400 to be ready (150 left)
[INFO] RETRYING: Waiting for CommonService CR common-service in cp2400 to be ready (149 left)
[INFO] RETRYING: Waiting for CommonService CR common-service in cp2400 to be ready (148 left)
[INFO] RETRYING: Waiting for CommonService CR common-service in cp2400 to be ready (147 left)
[INFO] RETRYING: Waiting for CommonService CR common-service in cp2400 to be ready (146 left)
[INFO] RETRYING: Waiting for CommonService CR common-service in cp2400 to be ready (145 left)
[INFO] RETRYING: Waiting for CommonService CR common-service in cp2400 to be ready (144 left)
[INFO] RETRYING: Waiting for CommonService CR common-service in cp2400 to be ready (143 left)
[INFO] RETRYING: Waiting for CommonService CR common-service in cp2400 to be ready (142 left)
[INFO] RETRYING: Waiting for CommonService CR common-service in cp2400 to be ready (141 left)
[INFO] RETRYING: Waiting for CommonService CR common-service in cp2400 to be ready (140 left)
[INFO] RETRYING: Waiting for CommonService CR common-service in cp2400 to be ready (139 left)
[INFO] RETRYING: Waiting for CommonService CR common-service in cp2400 to be ready (138 left)
[INFO] RETRYING: Waiting for CommonService CR common-service in cp2400 to be ready (137 left)
[INFO] RETRYING: Waiting for CommonService CR common-service in cp2400 to be ready (136 left)
[INFO] RETRYING: Waiting for CommonService CR common-service in cp2400 to be ready (135 left)
[INFO] RETRYING: Waiting for CommonService CR common-service in cp2400 to be ready (134 left)
[INFO] RETRYING: Waiting for CommonService CR common-service in cp2400 to be ready (133 left)
[INFO] RETRYING: Waiting for CommonService CR common-service in cp2400 to be ready (132 left)
[INFO] RETRYING: Waiting for CommonService CR common-service in cp2400 to be ready (131 left)
[INFO] RETRYING: Waiting for CommonService CR common-service in cp2400 to be ready (130 left)
[INFO] RETRYING: Waiting for CommonService CR common-service in cp2400 to be ready (129 left)
[INFO] RETRYING: Waiting for CommonService CR common-service in cp2400 to be ready (128 left)
[INFO] RETRYING: Waiting for CommonService CR common-service in cp2400 to be ready (127 left)
[INFO] RETRYING: Waiting for CommonService CR common-service in cp2400 to be ready (126 left)
[INFO] RETRYING: Waiting for CommonService CR common-service in cp2400 to be ready (125 left)
[INFO] RETRYING: Waiting for CommonService CR common-service in cp2400 to be ready (124 left)
[INFO] RETRYING: Waiting for CommonService CR common-service in cp2400 to be ready (123 left)
[INFO] RETRYING: Waiting for CommonService CR common-service in cp2400 to be ready (122 left)
[INFO] RETRYING: Waiting for CommonService CR common-service in cp2400 to be ready (121 left)
[INFO] RETRYING: Waiting for CommonService CR common-service in cp2400 to be ready (120 left)
[INFO] RETRYING: Waiting for CommonService CR common-service in cp2400 to be ready (119 left)
[INFO] RETRYING: Waiting for CommonService CR common-service in cp2400 to be ready (118 left)
[INFO] RETRYING: Waiting for CommonService CR common-service in cp2400 to be ready (117 left)
[INFO] RETRYING: Waiting for CommonService CR common-service in cp2400 to be ready (116 left)
[INFO] RETRYING: Waiting for CommonService CR common-service in cp2400 to be ready (115 left)
[INFO] RETRYING: Waiting for CommonService CR common-service in cp2400 to be ready (114 left)
[INFO] RETRYING: Waiting for CommonService CR common-service in cp2400 to be ready (113 left)
[✔] CommonService CR in cp2400 is in Succeeded Phase

